Component: Arm Compiler for Embedded 6.21 Tool: armlink [5ec1fa00]

==============================================================================

Section Cross References

    startup_stm32l476xx.o(STACK) refers (Special) to heapauxi.o(.text) for __use_two_region_memory
    startup_stm32l476xx.o(HEAP) refers (Special) to heapauxi.o(.text) for __use_two_region_memory
    startup_stm32l476xx.o(RESET) refers (Special) to heapauxi.o(.text) for __use_two_region_memory
    startup_stm32l476xx.o(RESET) refers to startup_stm32l476xx.o(STACK) for __initial_sp
    startup_stm32l476xx.o(RESET) refers to startup_stm32l476xx.o(.text) for Reset_Handler
    startup_stm32l476xx.o(RESET) refers to dma1.o(.text.DMA1_Channel1_IRQHandler) for DMA1_Channel1_IRQHandler
    startup_stm32l476xx.o(RESET) refers to tim4.o(.text.TIM4_IRQHandler) for TIM4_IRQHandler
    startup_stm32l476xx.o(RESET) refers to usart2.o(.text.USART2_IRQHandler) for USART2_IRQHandler
    startup_stm32l476xx.o(.text) refers (Special) to heapauxi.o(.text) for __use_two_region_memory
    startup_stm32l476xx.o(.text) refers to __main.o(!!!main) for __main
    startup_stm32l476xx.o(.text) refers to startup_stm32l476xx.o(HEAP) for Heap_Mem
    startup_stm32l476xx.o(.text) refers to startup_stm32l476xx.o(STACK) for Stack_Mem
    main.o(.ARM.exidx.text.delay) refers to main.o(.text.delay) for [Anonymous Symbol]
    main.o(.ARM.exidx.text.print) refers to main.o(.text.print) for [Anonymous Symbol]
    main.o(.text.main) refers to main.o(.rodata.str1.1) for .L__const.main.msg
    main.o(.text.main) refers to rt_memcpy_v6.o(.text) for __aeabi_memcpy
    main.o(.text.main) refers to led.o(.text.configure_LED_pin) for configure_LED_pin
    main.o(.text.main) refers to tim2.o(.text.configure_PB10) for configure_PB10
    main.o(.text.main) refers to tim4.o(.text.configure_PB6) for configure_PB6
    main.o(.text.main) refers to tim4.o(.text.configure_TIM4_CH1) for configure_TIM4_CH1
    main.o(.text.main) refers to tim2.o(.text.configure_TIM2_CH3) for configure_TIM2_CH3
    main.o(.text.main) refers to usart2.o(.text.USART2_Init) for USART2_Init
    main.o(.text.main) refers to main.o(.text.print) for print
    main.o(.text.main) refers to tim5.o(.text.configure_PA1) for configure_PA1
    main.o(.text.main) refers to tim5.o(.text.TIM5_CH2_Init) for TIM5_CH2_Init
    main.o(.text.main) refers to led.o(.text.turn_on_LED) for turn_on_LED
    main.o(.text.main) refers to main.o(.text.delay) for delay
    main.o(.text.main) refers to tim4.o(.text.get_distance) for get_distance
    main.o(.text.main) refers to main.o(.bss.current_distance) for current_distance
    main.o(.text.main) refers to tim5.o(.text.pos_90degrees) for pos_90degrees
    main.o(.text.main) refers to tim4.o(.text.display_distance) for display_distance
    main.o(.text.main) refers to main.o(.bss.right_distance) for right_distance
    main.o(.text.main) refers to tim5.o(.text._0degrees) for _0degrees
    main.o(.text.main) refers to tim5.o(.text.neg_90degrees) for neg_90degrees
    main.o(.text.main) refers to main.o(.bss.left_distance) for left_distance
    main.o(.ARM.exidx.text.main) refers to main.o(.text.main) for [Anonymous Symbol]
    led.o(.ARM.exidx.text.configure_LED_pin) refers to led.o(.text.configure_LED_pin) for [Anonymous Symbol]
    led.o(.ARM.exidx.text.turn_on_LED) refers to led.o(.text.turn_on_LED) for [Anonymous Symbol]
    led.o(.ARM.exidx.text.turn_off_LED) refers to led.o(.text.turn_off_LED) for [Anonymous Symbol]
    led.o(.ARM.exidx.text.toggle_LED) refers to led.o(.text.toggle_LED) for [Anonymous Symbol]
    tim2.o(.ARM.exidx.text.configure_PB10) refers to tim2.o(.text.configure_PB10) for [Anonymous Symbol]
    tim2.o(.ARM.exidx.text.configure_TIM2_CH3) refers to tim2.o(.text.configure_TIM2_CH3) for [Anonymous Symbol]
    tim4.o(.ARM.exidx.text.configure_PB6) refers to tim4.o(.text.configure_PB6) for [Anonymous Symbol]
    tim4.o(.text.configure_TIM4_CH1) refers to tim4.o(.text.__NVIC_EnableIRQ) for __NVIC_EnableIRQ
    tim4.o(.ARM.exidx.text.configure_TIM4_CH1) refers to tim4.o(.text.configure_TIM4_CH1) for [Anonymous Symbol]
    tim4.o(.ARM.exidx.text.__NVIC_EnableIRQ) refers to tim4.o(.text.__NVIC_EnableIRQ) for [Anonymous Symbol]
    tim4.o(.text.TIM4_IRQHandler) refers to tim4.o(.bss.previous_CCR) for previous_CCR
    tim4.o(.text.TIM4_IRQHandler) refers to tim4.o(.bss.current_CCR) for current_CCR
    tim4.o(.text.TIM4_IRQHandler) refers to tim4.o(.bss.N_uev) for N_uev
    tim4.o(.text.TIM4_IRQHandler) refers to f2d.o(x$fpl$f2d) for __aeabi_f2d
    tim4.o(.text.TIM4_IRQHandler) refers to dmul.o(x$fpl$dmul) for __aeabi_dmul
    tim4.o(.text.TIM4_IRQHandler) refers to tim4.o(.data.fck_cnt) for fck_cnt
    tim4.o(.text.TIM4_IRQHandler) refers to ddiv.o(x$fpl$ddiv) for __aeabi_ddiv
    tim4.o(.text.TIM4_IRQHandler) refers to d2f.o(x$fpl$d2f) for __aeabi_d2f
[...]
    ../fplib/fretinf.s                       0x00000000   Number         0  fretinf.o ABSOLUTE
    ../fplib/istatus.s                       0x00000000   Number         0  istatus.o ABSOLUTE
    ../fplib/printf1.s                       0x00000000   Number         0  printf1.o ABSOLUTE
    ../fplib/printf2.s                       0x00000000   Number         0  printf2.o ABSOLUTE
    ../fplib/printf2a.s                      0x00000000   Number         0  printf2a.o ABSOLUTE
    ../fplib/printf2b.s                      0x00000000   Number         0  printf2b.o ABSOLUTE
    ../fplib/usenofp.s                       0x00000000   Number         0  usenofp.o ABSOLUTE
    ../mathlib/fpclassify.c                  0x00000000   Number         0  fpclassify.o ABSOLUTE
    DMA1.c                                   0x00000000   Number         0  dma1.o ABSOLUTE
    LED.c                                    0x00000000   Number         0  led.o ABSOLUTE
    TIM2.c                                   0x00000000   Number         0  tim2.o ABSOLUTE
    TIM4.c                                   0x00000000   Number         0  tim4.o ABSOLUTE
    TIM5.c                                   0x00000000   Number         0  tim5.o ABSOLUTE
    USART2.c                                 0x00000000   Number         0  usart2.o ABSOLUTE
    dc.s                                     0x00000000   Number         0  dc.o ABSOLUTE
    main.c                                   0x00000000   Number         0  main.o ABSOLUTE
    startup_stm32l476xx.s                    0x00000000   Number         0  startup_stm32l476xx.o ABSOLUTE
    RESET                                    0x08000000   Section      392  startup_stm32l476xx.o(RESET)
    !!!main                                  0x08000188   Section        8  __main.o(!!!main)
    !!!scatter                               0x08000190   Section       92  __scatter.o(!!!scatter)
    !!handler_copy                           0x080001ec   Section       26  __scatter_copy.o(!!handler_copy)
    !!handler_null                           0x08000208   Section        2  __scatter.o(!!handler_null)
    !!handler_zi                             0x0800020c   Section       28  __scatter_zi.o(!!handler_zi)
    .ARM.Collect$$_printf_percent$$00000000  0x08000228   Section        0  _printf_percent.o(.ARM.Collect$$_printf_percent$$00000000)
    .ARM.Collect$$_printf_percent$$00000001  0x08000228   Section        6  _printf_n.o(.ARM.Collect$$_printf_percent$$00000001)
    .ARM.Collect$$_printf_percent$$00000002  0x0800022e   Section        6  _printf_p.o(.ARM.Collect$$_printf_percent$$00000002)
    .ARM.Collect$$_printf_percent$$00000003  0x08000234   Section        6  _printf_f.o(.ARM.Collect$$_printf_percent$$00000003)
    .ARM.Collect$$_printf_percent$$00000004  0x0800023a   Section        6  _printf_e.o(.ARM.Collect$$_printf_percent$$00000004)
    .ARM.Collect$$_printf_percent$$00000005  0x08000240   Section        6  _printf_g.o(.ARM.Collect$$_printf_percent$$00000005)
    .ARM.Collect$$_printf_percent$$00000006  0x08000246   Section        6  _printf_a.o(.ARM.Collect$$_printf_percent$$00000006)
    .ARM.Collect$$_printf_percent$$00000007  0x0800024c   Section       10  _printf_ll.o(.ARM.Collect$$_printf_percent$$00000007)
    .ARM.Collect$$_printf_percent$$00000008  0x08000256   Section        6  _printf_i.o(.ARM.Collect$$_printf_percent$$00000008)
    .ARM.Collect$$_printf_percent$$00000009  0x0800025c   Section        6  _printf_d.o(.ARM.Collect$$_printf_percent$$00000009)
    .ARM.Collect$$_printf_percent$$0000000A  0x08000262   Section        6  _printf_u.o(.ARM.Collect$$_printf_percent$$0000000A)
    .ARM.Collect$$_printf_percent$$0000000B  0x08000268   Section        6  _printf_o.o(.ARM.Collect$$_printf_percent$$0000000B)
    .ARM.Collect$$_printf_percent$$0000000C  0x0800026e   Section        6  _printf_x.o(.ARM.Collect$$_printf_percent$$0000000C)
    .ARM.Collect$$_printf_percent$$0000000D  0x08000274   Section        6  _printf_lli.o(.ARM.Collect$$_printf_percent$$0000000D)
    .ARM.Collect$$_printf_percent$$0000000E  0x0800027a   Section        6  _printf_lld.o(.ARM.Collect$$_printf_percent$$0000000E)
    .ARM.Collect$$_printf_percent$$0000000F  0x08000280   Section        6  _printf_llu.o(.ARM.Collect$$_printf_percent$$0000000F)
    .ARM.Collect$$_printf_percent$$00000010  0x08000286   Section        6  _printf_llo.o(.ARM.Collect$$_printf_percent$$00000010)
    .ARM.Collect$$_printf_percent$$00000011  0x0800028c   Section        6  _printf_llx.o(.ARM.Collect$$_printf_percent$$00000011)
    .ARM.Collect$$_printf_percent$$00000012  0x08000292   Section       10  _printf_l.o(.ARM.Collect$$_printf_percent$$00000012)
    .ARM.Collect$$_printf_percent$$00000013  0x0800029c   Section        6  _printf_c.o(.ARM.Collect$$_printf_percent$$00000013)
    .ARM.Collect$$_printf_percent$$00000014  0x080002a2   Section        6  _printf_s.o(.ARM.Collect$$_printf_percent$$00000014)
    .ARM.Collect$$_printf_percent$$00000015  0x080002a8   Section        6  _printf_lc.o(.ARM.Collect$$_printf_percent$$00000015)
    .ARM.Collect$$_printf_percent$$00000016  0x080002ae   Section        6  _printf_ls.o(.ARM.Collect$$_printf_percent$$00000016)
    .ARM.Collect$$_printf_percent$$00000017  0x080002b4   Section        4  _printf_percent_end.o(.ARM.Collect$$_printf_percent$$00000017)
    .ARM.Collect$$libinit$$00000000          0x080002b8   Section        2  libinit.o(.ARM.Collect$$libinit$$00000000)
    .ARM.Collect$$libinit$$00000001          0x080002ba   Section        4  libinit2.o(.ARM.Collect$$libinit$$00000001)
    .ARM.Collect$$libinit$$00000004          0x080002be   Section        0  libinit2.o(.ARM.Collect$$libinit$$00000004)
    .ARM.Collect$$libinit$$00000006          0x080002be   Section        0  libinit2.o(.ARM.Collect$$libinit$$00000006)
    .ARM.Collect$$libinit$$0000000C          0x080002be   Section        0  libinit2.o(.ARM.Collect$$libinit$$0000000C)
    .ARM.Collect$$libinit$$0000000E          0x080002be   Section        0  libinit2.o(.ARM.Collect$$libinit$$0000000E)
    .ARM.Collect$$libinit$$00000010          0x080002be   Section        0  libinit2.o(.ARM.Collect$$libinit$$00000010)
    .ARM.Collect$$libinit$$00000011          0x080002be   Section        6  libinit2.o(.ARM.Collect$$libinit$$00000011)
    .ARM.Collect$$libinit$$00000013          0x080002c4   Section        0  libinit2.o(.ARM.Collect$$libinit$$00000013)
    .ARM.Collect$$libinit$$00000014          0x080002c4   Section       12  libinit2.o(.ARM.Collect$$libinit$$00000014)
    .ARM.Collect$$libinit$$00000015          0x080002d0   Section        0  libinit2.o(.ARM.Collect$$libinit$$00000015)
    .ARM.Collect$$libinit$$00000017          0x080002d0   Section        0  libinit2.o(.ARM.Collect$$libinit$$00000017)
    .ARM.Collect$$libinit$$00000018          0x080002d0   Section       10  libinit2.o(.ARM.Collect$$libinit$$00000018)
    .ARM.Collect$$libinit$$00000019          0x080002da   Section        0  libinit2.o(.ARM.Collect$$libinit$$00000019)
    .ARM.Collect$$libinit$$0000001B          0x080002da   Section        0  libinit2.o(.ARM.Collect$$libinit$$0000001B)
    .ARM.Collect$$libinit$$0000001D          0x080002da   Section        0  libinit2.o(.ARM.Collect$$libinit$$0000001D)
    .ARM.Collect$$libinit$$0000001F          0x080002da   Section        0  libinit2.o(.ARM.Collect$$libinit$$0000001F)
    .ARM.Collect$$libinit$$00000021          0x080002da   Section        0  libinit2.o(.ARM.Collect$$libinit$$00000021)
    .ARM.Collect$$libinit$$00000023          0x080002da   Section        0  libinit2.o(.ARM.Collect$$libinit$$00000023)
    .ARM.Collect$$libinit$$00000025          0x080002da   Section        0  libinit2.o(.ARM.Collect$$libinit$$00000025)
    .ARM.Collect$$libinit$$00000027          0x080002da   Section        0  libinit2.o(.ARM.Collect$$libinit$$00000027)
    .ARM.Collect$$libinit$$0000002E          0x080002da   Section        0  libinit2.o(.ARM.Collect$$libinit$$0000002E)
    .ARM.Collect$$libinit$$00000030          0x080002da   Section        0  libinit2.o(.ARM.Collect$$libinit$$00000030)
    .ARM.Collect$$libinit$$00000032          0x080002da   Section        0  libinit2.o(.ARM.Collect$$libinit$$00000032)
    .ARM.Collect$$libinit$$00000034          0x080002da   Section        0  libinit2.o(.ARM.Collect$$libinit$$00000034)
    .ARM.Collect$$libinit$$00000035          0x080002da   Section        2  libinit2.o(.ARM.Collect$$libinit$$00000035)
    .ARM.Collect$$libshutdown$$00000000      0x080002dc   Section        2  libshutdown.o(.ARM.Collect$$libshutdown$$00000000)
    .ARM.Collect$$libshutdown$$00000002      0x080002de   Section        0  libshutdown2.o(.ARM.Collect$$libshutdown$$00000002)
    .ARM.Collect$$libshutdown$$00000004      0x080002de   Section        0  libshutdown2.o(.ARM.Collect$$libshutdown$$00000004)
    .ARM.Collect$$libshutdown$$00000007      0x080002de   Section        0  libshutdown2.o(.ARM.Collect$$libshutdown$$00000007)
    .ARM.Collect$$libshutdown$$0000000A      0x080002de   Section        0  libshutdown2.o(.ARM.Collect$$libshutdown$$0000000A)
    .ARM.Collect$$libshutdown$$0000000C      0x080002de   Section        0  libshutdown2.o(.ARM.Collect$$libshutdown$$0000000C)
    .ARM.Collect$$libshutdown$$0000000F      0x080002de   Section        0  libshutdown2.o(.ARM.Collect$$libshutdown$$0000000F)
    .ARM.Collect$$libshutdown$$00000010      0x080002de   Section        2  libshutdown2.o(.ARM.Collect$$libshutdown$$00000010)
    .ARM.Collect$$rtentry$$00000000          0x080002e0   Section        0  __rtentry.o(.ARM.Collect$$rtentry$$00000000)
    .ARM.Collect$$rtentry$$00000002          0x080002e0   Section        0  __rtentry2.o(.ARM.Collect$$rtentry$$00000002)
    .ARM.Collect$$rtentry$$00000004          0x080002e0   Section        6  __rtentry4.o(.ARM.Collect$$rtentry$$00000004)
    .ARM.Collect$$rtentry$$00000009          0x080002e6   Section        0  __rtentry2.o(.ARM.Collect$$rtentry$$00000009)
    .ARM.Collect$$rtentry$$0000000A          0x080002e6   Section        4  __rtentry2.o(.ARM.Collect$$rtentry$$0000000A)
    .ARM.Collect$$rtentry$$0000000C          0x080002ea   Section        0  __rtentry2.o(.ARM.Collect$$rtentry$$0000000C)
    .ARM.Collect$$rtentry$$0000000D          0x080002ea   Section        8  __rtentry2.o(.ARM.Collect$$rtentry$$0000000D)
    .ARM.Collect$$rtexit$$00000000           0x080002f2   Section        2  rtexit.o(.ARM.Collect$$rtexit$$00000000)
    .ARM.Collect$$rtexit$$00000002           0x080002f4   Section        0  rtexit2.o(.ARM.Collect$$rtexit$$00000002)
    .ARM.Collect$$rtexit$$00000003           0x080002f4   Section        4  rtexit2.o(.ARM.Collect$$rtexit$$00000003)
    .ARM.Collect$$rtexit$$00000004           0x080002f8   Section        6  rtexit2.o(.ARM.Collect$$rtexit$$00000004)
    $v0                                      0x08000300   Number         0  startup_stm32l476xx.o(.text)
    .text                                    0x08000300   Section      140  startup_stm32l476xx.o(.text)
    .text                                    0x0800038c   Section        0  sprintf.o(.text)
    .text                                    0x080003b8   Section      138  rt_memcpy_v6.o(.text)
    .text                                    0x08000442   Section        0  heapauxi.o(.text)
    .text                                    0x08000448   Section        0  _printf_pad.o(.text)
    .text                                    0x08000496   Section        0  _printf_truncate.o(.text)
    .text                                    0x080004ba   Section        0  _printf_str.o(.text)
    .text                                    0x0800050c   Section        0  _printf_dec.o(.text)
    .text                                    0x08000584   Section        0  _printf_charcount.o(.text)
    _printf_input_char                       0x080005ad   Thumb Code    10  _printf_char_common.o(.text)
    .text                                    0x080005ac   Section        0  _printf_char_common.o(.text)
    .text                                    0x080005dc   Section        0  _sputc.o(.text)
    .text                                    0x080005e8   Section        0  _printf_wctomb.o(.text)
    .text                                    0x080006ac   Section        0  _printf_longlong_dec.o(.text)
    _printf_longlong_oct_internal            0x08000729   Thumb Code     0  _printf_oct_int_ll.o(.text)
    .text                                    0x08000728   Section        0  _printf_oct_int_ll.o(.text)
    _printf_hex_common                       0x08000799   Thumb Code     0  _printf_hex_int_ll_ptr.o(.text)
    .text                                    0x08000798   Section        0  _printf_hex_int_ll_ptr.o(.text)
    .text                                    0x0800082c   Section        0  __printf_flags_ss_wp.o(.text)
    .text                                    0x080009ba   Section      100  rt_memcpy_w.o(.text)
    .text                                    0x08000a1e   Section      138  lludiv10.o(.text)
    .text                                    0x08000aa8   Section        0  _printf_intcommon.o(.text)
    _fp_digits                               0x08000b5b   Thumb Code   432  _printf_fp_dec.o(.text)
    .text                                    0x08000b5a   Section        0  _printf_fp_dec.o(.text)
    .text                                    0x08000f7c   Section        0  _printf_fp_hex.o(.text)
    .text                                    0x0800127e   Section        0  _printf_char.o(.text)
    .text                                    0x080012aa   Section        0  _printf_wchar.o(.text)
    .text                                    0x080012d6   Section        0  _c16rtomb.o(.text)
    .text                                    0x0800131e   Section       74  sys_stackheap_outer.o(.text)
    .text                                    0x08001368   Section       16  rt_ctype_table.o(.text)
    .text                                    0x08001378   Section        8  rt_locale_intlibspace.o(.text)
    .text                                    0x08001380   Section        0  _printf_fp_infnan.o(.text)
    .text                                    0x08001400   Section        0  bigflt0.o(.text)
    .text                                    0x080014e4   Section        0  exit.o(.text)
    .text                                    0x080014f8   Section        8  libspace.o(.text)
    .text                                    0x08001500   Section      124  strcmpv7em.o(.text)
    .text                                    0x0800157c   Section        0  sys_exit.o(.text)
    .text                                    0x08001588   Section        2  use_no_semi.o(.text)
    .text                                    0x0800158a   Section        0  indicate_semi.o(.text)
    [Anonymous Symbol]                       0x0800158c   Section        0  dma1.o(.text.DMA1_Channel1_IRQHandler)
    [Anonymous Symbol]                       0x080015c0   Section        0  tim4.o(.text.TIM4_IRQHandler)
    [Anonymous Symbol]                       0x08001764   Section        0  tim5.o(.text.TIM5_CH2_Init)
    [Anonymous Symbol]                       0x080017e8   Section        0  usart2.o(.text.USART2_IRQHandler)
    [Anonymous Symbol]                       0x080018cc   Section        0  usart2.o(.text.USART2_Init)
    [Anonymous Symbol]                       0x080018f0   Section        0  usart2.o(.text.USART2_Pin_Init)
    [Anonymous Symbol]                       0x0800192c   Section        0  usart2.o(.text.USART_Init)
    [Anonymous Symbol]                       0x080019ac   Section        0  tim5.o(.text._0degrees)
    __NVIC_EnableIRQ                         0x080019bd   Thumb Code    48  tim4.o(.text.__NVIC_EnableIRQ)
    [Anonymous Symbol]                       0x080019bc   Section        0  tim4.o(.text.__NVIC_EnableIRQ)
    __NVIC_EnableIRQ                         0x080019ed   Thumb Code    48  usart2.o(.text.__NVIC_EnableIRQ)
    [Anonymous Symbol]                       0x080019ec   Section        0  usart2.o(.text.__NVIC_EnableIRQ)
    [Anonymous Symbol]                       0x08001a1c   Section        0  led.o(.text.configure_LED_pin)
    [Anonymous Symbol]                       0x08001a60   Section        0  tim5.o(.text.configure_PA1)
    [Anonymous Symbol]                       0x08001ab8   Section        0  tim2.o(.text.configure_PB10)
    [Anonymous Symbol]                       0x08001b1c   Section        0  tim4.o(.text.configure_PB6)
    [Anonymous Symbol]                       0x08001b60   Section        0  tim2.o(.text.configure_TIM2_CH3)
    [Anonymous Symbol]                       0x08001be0   Section        0  tim4.o(.text.configure_TIM4_CH1)
    [Anonymous Symbol]                       0x08001c90   Section        0  main.o(.text.delay)
    [Anonymous Symbol]                       0x08001cb4   Section        0  tim4.o(.text.display_distance)
    [Anonymous Symbol]                       0x08001d18   Section        0  tim4.o(.text.get_distance)
    [Anonymous Symbol]                       0x08001d28   Section        0  main.o(.text.main)
    [Anonymous Symbol]                       0x08001e64   Section        0  tim5.o(.text.neg_90degrees)
    [Anonymous Symbol]                       0x08001e74   Section        0  tim5.o(.text.pos_90degrees)
    [Anonymous Symbol]                       0x08001e84   Section        0  main.o(.text.print)
    [Anonymous Symbol]                       0x08001ec8   Section        0  led.o(.text.turn_off_LED)
    [Anonymous Symbol]                       0x08001ed8   Section        0  led.o(.text.turn_on_LED)
    CL$$btod_d2e                             0x08001ee8   Section       62  btod.o(CL$$btod_d2e)
    CL$$btod_d2e_denorm_low                  0x08001f26   Section       70  btod.o(CL$$btod_d2e_denorm_low)
    CL$$btod_d2e_norm_op1                    0x08001f6c   Section       96  btod.o(CL$$btod_d2e_norm_op1)
    CL$$btod_div_common                      0x08001fcc   Section      824  btod.o(CL$$btod_div_common)
    CL$$btod_e2e                             0x08002304   Section      220  btod.o(CL$$btod_e2e)
    CL$$btod_ediv                            0x080023e0   Section       42  btod.o(CL$$btod_ediv)
    CL$$btod_emul                            0x0800240a   Section       42  btod.o(CL$$btod_emul)
    CL$$btod_mult_common                     0x08002434   Section      580  btod.o(CL$$btod_mult_common)
    i.__ARM_fpclassify                       0x08002678   Section        0  fpclassify.o(i.__ARM_fpclassify)
    i._is_digit                              0x080026a8   Section        0  __printf_wp.o(i._is_digit)
    locale$$code                             0x080026b8   Section       44  lc_numeric_c.o(locale$$code)
    locale$$code                             0x080026e4   Section       44  lc_ctype_c.o(locale$$code)
    $v0                                      0x08002710   Number         0  d2f.o(x$fpl$d2f)
    x$fpl$d2f                                0x08002710   Section       98  d2f.o(x$fpl$d2f)
    $v0                                      0x08002774   Number         0  ddiv.o(x$fpl$ddiv)
    x$fpl$ddiv                               0x08002774   Section      692  ddiv.o(x$fpl$ddiv)
    ddiv_entry                               0x0800277b   Thumb Code     0  ddiv.o(x$fpl$ddiv)
    $v0                                      0x08002a28   Number         0  dmul.o(x$fpl$dmul)
    x$fpl$dmul                               0x08002a28   Section      340  dmul.o(x$fpl$dmul)
    $v0                                      0x08002b7c   Number         0  dnaninf.o(x$fpl$dnaninf)
    x$fpl$dnaninf                            0x08002b7c   Section      156  dnaninf.o(x$fpl$dnaninf)
    $v0                                      0x08002c18   Number         0  dretinf.o(x$fpl$dretinf)
    x$fpl$dretinf                            0x08002c18   Section       12  dretinf.o(x$fpl$dretinf)
    $v0                                      0x08002c24   Number         0  f2d.o(x$fpl$f2d)
    x$fpl$f2d                                0x08002c24   Section       86  f2d.o(x$fpl$f2d)
    $v0                                      0x08002c7a   Number         0  fnaninf.o(x$fpl$fnaninf)
    x$fpl$fnaninf                            0x08002c7a   Section      140  fnaninf.o(x$fpl$fnaninf)
    $v0                                      0x08002d06   Number         0  fpinit.o(x$fpl$fpinit)
    x$fpl$fpinit                             0x08002d06   Section       26  fpinit.o(x$fpl$fpinit)
    $v0                                      0x08002d20   Number         0  fretinf.o(x$fpl$fretinf)
    x$fpl$fretinf                            0x08002d20   Section       10  fretinf.o(x$fpl$fretinf)
    $v0                                      0x08002d2a   Number         0  printf1.o(x$fpl$printf1)
    x$fpl$printf1                            0x08002d2a   Section        4  printf1.o(x$fpl$printf1)
    $v0                                      0x08002d2e   Number         0  printf2.o(x$fpl$printf2)
    x$fpl$printf2                            0x08002d2e   Section        4  printf2.o(x$fpl$printf2)
    x$fpl$usenofp                            0x08002d32   Section        0  usenofp.o(x$fpl$usenofp)
    initial_mbstate                          0x08002d34   Data           8  _printf_wctomb.o(.constdata)
    .constdata                               0x08002d34   Section        8  _printf_wctomb.o(.constdata)
    uc_hextab                                0x08002d3c   Data          20  _printf_hex_int_ll_ptr.o(.constdata)
    .constdata                               0x08002d3c   Section       40  _printf_hex_int_ll_ptr.o(.constdata)
    lc_hextab                                0x08002d50   Data          20  _printf_hex_int_ll_ptr.o(.constdata)
    maptable                                 0x08002d64   Data          17  __printf_flags_ss_wp.o(.constdata)
    .constdata                               0x08002d64   Section       17  __printf_flags_ss_wp.o(.constdata)
    lc_hextab                                0x08002d75   Data          19  _printf_fp_hex.o(.constdata)
    .constdata                               0x08002d75   Section       38  _printf_fp_hex.o(.constdata)
    uc_hextab                                0x08002d88   Data          19  _printf_fp_hex.o(.constdata)
    tenpwrs_x                                0x08002d9c   Data          60  bigflt0.o(.constdata)
    .constdata                               0x08002d9c   Section      148  bigflt0.o(.constdata)
    tenpwrs_i                                0x08002dd8   Data          64  bigflt0.o(.constdata)
    .L__const.main.turning_left              0x08002e30   Data          20  main.o(.rodata.str1.1)
    [Anonymous Symbol]                       0x08002e30   Section        0  main.o(.rodata.str1.1)
    .L__const.main.turning_right             0x08002e44   Data          21  main.o(.rodata.str1.1)
    .L__const.main.msg                       0x08002e59   Data         102  main.o(.rodata.str1.1)
    .L.str                                   0x08002ebf   Data           7  tim4.o(.rodata.str1.1)
    [Anonymous Symbol]                       0x08002ebf   Section        0  tim4.o(.rodata.str1.1)
    .L__const.USART2_IRQHandler.stop_msg     0x08002ec6   Data          20  usart2.o(.rodata.str1.1)
    [Anonymous Symbol]                       0x08002ec6   Section        0  usart2.o(.rodata.str1.1)
    .L__const.USART2_IRQHandler.error_msg    0x08002eda   Data          28  usart2.o(.rodata.str1.1)
    locale$$data                             0x08002f18   Section       28  lc_numeric_c.o(locale$$data)
    __lcnum_c_name                           0x08002f1c   Data           2  lc_numeric_c.o(locale$$data)
    __lcnum_c_start                          0x08002f24   Data           0  lc_numeric_c.o(locale$$data)
    __lcnum_c_point                          0x08002f30   Data           0  lc_numeric_c.o(locale$$data)
    __lcnum_c_thousands                      0x08002f32   Data           0  lc_numeric_c.o(locale$$data)
    __lcnum_c_grouping                       0x08002f33   Data           0  lc_numeric_c.o(locale$$data)
    __lcnum_c_end                            0x08002f34   Data           0  lc_numeric_c.o(locale$$data)
    locale$$data                             0x08002f34   Section      272  lc_ctype_c.o(locale$$data)
    __lcctype_c_name                         0x08002f38   Data           2  lc_ctype_c.o(locale$$data)
    __lcctype_c_start                        0x08002f40   Data           0  lc_ctype_c.o(locale$$data)
    __lcctype_c_end                          0x08003044   Data           0  lc_ctype_c.o(locale$$data)
    .bss                                     0x20000008   Section       96  libspace.o(.bss)
    Heap_Mem                                 0x20000088   Data         512  startup_stm32l476xx.o(HEAP)
    HEAP                                     0x20000088   Section      512  startup_stm32l476xx.o(HEAP)
    Stack_Mem                                0x20000288   Data        1024  startup_stm32l476xx.o(STACK)
    STACK                                    0x20000288   Section     1024  startup_stm32l476xx.o(STACK)
    __initial_sp                             0x20000688   Data           0  startup_stm32l476xx.o(STACK)

    Global Symbols

    Symbol Name                              Value     Ov Type        Size  Object(Section)

    BuildAttributes$$THM_ISAv4$E$P$D$K$B$S$7EM$VFPi3$EXTD16$VFPS$VFMA$PE$A:L22UL41UL21$X:L11$S22US41US21$IEEE1$IW$~IW$USESV6$~STKCKD$USESV7$~SHL$OTIME$ROPI$IEEEJ$EBA8$UX$STANDARDLIB$REQ8$PRES8$EABIv2 0x00000000   Number         0  anon$$obj.o ABSOLUTE
    Image$$ER_IROM1$$RW$$Length              0x00000000   Number         0  anon$$obj.o ABSOLUTE
    Image$$ER_IROM1$$ZI$$Length              0x00000000   Number         0  anon$$obj.o ABSOLUTE
    Image$$RW_IRAM1$$RO$$Length              0x00000000   Number         0  anon$$obj.o ABSOLUTE
    _printf_flags                            0x00000000   Number         0  printf_stubs.o ABSOLUTE
    _printf_return_value                     0x00000000   Number         0  printf_stubs.o ABSOLUTE
    _printf_sizespec                         0x00000000   Number         0  printf_stubs.o ABSOLUTE
    _printf_widthprec                        0x00000000   Number         0  printf_stubs.o ABSOLUTE
    __ARM_exceptions_init                     - Undefined Weak Reference
    __alloca_initialize                       - Undefined Weak Reference
    __arm_preinit_                            - Undefined Weak Reference
    __arm_relocate_pie_                       - Undefined Weak Reference
    __cpp_initialize__aeabi_                  - Undefined Weak Reference
    __cxa_finalize                            - Undefined Weak Reference
    __sigvec_lookup                           - Undefined Weak Reference
    _atexit_init                              - Undefined Weak Reference
    _call_atexit_fns                          - Undefined Weak Reference
    _clock_init                               - Undefined Weak Reference
    _fp_trap_init                             - Undefined Weak Reference
    _fp_trap_shutdown                         - Undefined Weak Reference
    _get_lc_collate                           - Undefined Weak Reference
    _get_lc_monetary                          - Undefined Weak Reference
    _get_lc_time                              - Undefined Weak Reference
    _getenv_init                              - Undefined Weak Reference
    _handle_redirection                       - Undefined Weak Reference
    _init_alloc                               - Undefined Weak Reference
    _init_user_alloc                          - Undefined Weak Reference
    _initio                                   - Undefined Weak Reference
    _printf_mbtowc                            - Undefined Weak Reference
    _printf_wc                                - Undefined Weak Reference
    _rand_init                                - Undefined Weak Reference
    _signal_finish                            - Undefined Weak Reference
    _signal_init                              - Undefined Weak Reference
    _terminate_alloc                          - Undefined Weak Reference
    _terminate_user_alloc                     - Undefined Weak Reference
    _terminateio                              - Undefined Weak Reference
    Image$$RW_IRAM1$$Length                  0x00000008   Number         0  anon$$obj.o ABSOLUTE
    Image$$RW_IRAM1$$RW$$Length              0x00000008   Number         0  anon$$obj.o ABSOLUTE
    __Vectors_Size                           0x00000188   Number         0  startup_stm32l476xx.o ABSOLUTE
    Image$$RW_IRAM1$$ZI$$Length              0x00000680   Number         0  anon$$obj.o ABSOLUTE
    Image$$ER_IROM1$$RO$$Length              0x00003044   Number         0  anon$$obj.o ABSOLUTE
    Image$$ER_IROM1$$RO$$Base                0x08000000   Number         0  anon$$obj.o ABSOLUTE
    Load$$ER_IROM1$$Base                     0x08000000   Number         0  anon$$obj.o ABSOLUTE
    __Vectors                                0x08000000   Data           4  startup_stm32l476xx.o(RESET)
    __Vectors_End                            0x08000188   Data           0  startup_stm32l476xx.o(RESET)
    __main                                   0x08000189   Thumb Code     8  __main.o(!!!main)
    __scatterload                            0x08000191   Thumb Code     0  __scatter.o(!!!scatter)
    __scatterload_rt2                        0x08000191   Thumb Code    84  __scatter.o(!!!scatter)
    __scatterload_rt2_thumb_only             0x08000191   Thumb Code     0  __scatter.o(!!!scatter)
    __scatterload_loop                       0x0800019b   Thumb Code     0  __scatter.o(!!!scatter)
    __scatterload_copy                       0x080001ed   Thumb Code    26  __scatter_copy.o(!!handler_copy)
    __scatterload_null                       0x08000209   Thumb Code     2  __scatter.o(!!handler_null)
    __scatterload_zeroinit                   0x0800020d   Thumb Code    28  __scatter_zi.o(!!handler_zi)
    _printf_n                                0x08000229   Thumb Code     0  _printf_n.o(.ARM.Collect$$_printf_percent$$00000001)
    _printf_percent                          0x08000229   Thumb Code     0  _printf_percent.o(.ARM.Collect$$_printf_percent$$00000000)
    _printf_p                                0x0800022f   Thumb Code     0  _printf_p.o(.ARM.Collect$$_printf_percent$$00000002)
    _printf_f                                0x08000235   Thumb Code     0  _printf_f.o(.ARM.Collect$$_printf_percent$$00000003)
    _printf_e                                0x0800023b   Thumb Code     0  _printf_e.o(.ARM.Collect$$_printf_percent$$00000004)
    _printf_g                                0x08000241   Thumb Code     0  _printf_g.o(.ARM.Collect$$_printf_percent$$00000005)
    _printf_a                                0x08000247   Thumb Code     0  _printf_a.o(.ARM.Collect$$_printf_percent$$00000006)
    _printf_ll                               0x0800024d   Thumb Code     0  _printf_ll.o(.ARM.Collect$$_printf_percent$$00000007)
    _printf_i                                0x08000257   Thumb Code     0  _printf_i.o(.ARM.Collect$$_printf_percent$$00000008)
    _printf_d                                0x0800025d   Thumb Code     0  _printf_d.o(.ARM.Collect$$_printf_percent$$00000009)
    _printf_u                                0x08000263   Thumb Code     0  _printf_u.o(.ARM.Collect$$_printf_percent$$0000000A)
    _printf_o                                0x08000269   Thumb Code     0  _printf_o.o(.ARM.Collect$$_printf_percent$$0000000B)
    _printf_x                                0x0800026f   Thumb Code     0  _printf_x.o(.ARM.Collect$$_printf_percent$$0000000C)
    _printf_lli                              0x08000275   Thumb Code     0  _printf_lli.o(.ARM.Collect$$_printf_percent$$0000000D)
    _printf_lld                              0x0800027b   Thumb Code     0  _printf_lld.o(.ARM.Collect$$_printf_percent$$0000000E)
    _printf_llu                              0x08000281   Thumb Code     0  _printf_llu.o(.ARM.Collect$$_printf_percent$$0000000F)
    _printf_llo                              0x08000287   Thumb Code     0  _printf_llo.o(.ARM.Collect$$_printf_percent$$00000010)
    _printf_llx                              0x0800028d   Thumb Code     0  _printf_llx.o(.ARM.Collect$$_printf_percent$$00000011)
    _printf_l                                0x08000293   Thumb Code     0  _printf_l.o(.ARM.Collect$$_printf_percent$$00000012)
    _printf_c                                0x0800029d   Thumb Code     0  _printf_c.o(.ARM.Collect$$_printf_percent$$00000013)
    _printf_s                                0x080002a3   Thumb Code     0  _printf_s.o(.ARM.Collect$$_printf_percent$$00000014)
    _printf_lc                               0x080002a9   Thumb Code     0  _printf_lc.o(.ARM.Collect$$_printf_percent$$00000015)
    _printf_ls                               0x080002af   Thumb Code     0  _printf_ls.o(.ARM.Collect$$_printf_percent$$00000016)
    _printf_percent_end                      0x080002b5   Thumb Code     0  _printf_percent_end.o(.ARM.Collect$$_printf_percent$$00000017)
    __rt_lib_init                            0x080002b9   Thumb Code     0  libinit.o(.ARM.Collect$$libinit$$00000000)
    __rt_lib_init_fp_1                       0x080002bb   Thumb Code     0  libinit2.o(.ARM.Collect$$libinit$$00000001)
    __rt_lib_init_heap_1                     0x080002bf   Thumb Code     0  libinit2.o(.ARM.Collect$$libinit$$0000000C)
    __rt_lib_init_lc_common                  0x080002bf   Thumb Code     0  libinit2.o(.ARM.Collect$$libinit$$00000011)
    __rt_lib_init_preinit_1                  0x080002bf   Thumb Code     0  libinit2.o(.ARM.Collect$$libinit$$00000006)
    __rt_lib_init_rand_1                     0x080002bf   Thumb Code     0  libinit2.o(.ARM.Collect$$libinit$$00000010)
    __rt_lib_init_relocate_pie_1             0x080002bf   Thumb Code     0  libinit2.o(.ARM.Collect$$libinit$$00000004)
    __rt_lib_init_user_alloc_1               0x080002bf   Thumb Code     0  libinit2.o(.ARM.Collect$$libinit$$0000000E)
    __rt_lib_init_lc_collate_1               0x080002c5   Thumb Code     0  libinit2.o(.ARM.Collect$$libinit$$00000013)
    __rt_lib_init_lc_ctype_2                 0x080002c5   Thumb Code     0  libinit2.o(.ARM.Collect$$libinit$$00000014)
    __rt_lib_init_lc_ctype_1                 0x080002d1   Thumb Code     0  libinit2.o(.ARM.Collect$$libinit$$00000015)
    __rt_lib_init_lc_monetary_1              0x080002d1   Thumb Code     0  libinit2.o(.ARM.Collect$$libinit$$00000017)
    __rt_lib_init_lc_numeric_2               0x080002d1   Thumb Code     0  libinit2.o(.ARM.Collect$$libinit$$00000018)
    __rt_lib_init_alloca_1                   0x080002db   Thumb Code     0  libinit2.o(.ARM.Collect$$libinit$$00000030)
    __rt_lib_init_argv_1                     0x080002db   Thumb Code     0  libinit2.o(.ARM.Collect$$libinit$$0000002E)
    __rt_lib_init_atexit_1                   0x080002db   Thumb Code     0  libinit2.o(.ARM.Collect$$libinit$$0000001D)
    __rt_lib_init_clock_1                    0x080002db   Thumb Code     0  libinit2.o(.ARM.Collect$$libinit$$00000023)
    __rt_lib_init_cpp_1                      0x080002db   Thumb Code     0  libinit2.o(.ARM.Collect$$libinit$$00000034)
    __rt_lib_init_exceptions_1               0x080002db   Thumb Code     0  libinit2.o(.ARM.Collect$$libinit$$00000032)
    __rt_lib_init_fp_trap_1                  0x080002db   Thumb Code     0  libinit2.o(.ARM.Collect$$libinit$$00000021)
    __rt_lib_init_getenv_1                   0x080002db   Thumb Code     0  libinit2.o(.ARM.Collect$$libinit$$00000025)
    __rt_lib_init_lc_numeric_1               0x080002db   Thumb Code     0  libinit2.o(.ARM.Collect$$libinit$$00000019)
    __rt_lib_init_lc_time_1                  0x080002db   Thumb Code     0  libinit2.o(.ARM.Collect$$libinit$$0000001B)
    __rt_lib_init_return                     0x080002db   Thumb Code     0  libinit2.o(.ARM.Collect$$libinit$$00000035)
    __rt_lib_init_signal_1                   0x080002db   Thumb Code     0  libinit2.o(.ARM.Collect$$libinit$$0000001F)
    __rt_lib_init_stdio_1                    0x080002db   Thumb Code     0  libinit2.o(.ARM.Collect$$libinit$$00000027)
    __rt_lib_shutdown                        0x080002dd   Thumb Code     0  libshutdown.o(.ARM.Collect$$libshutdown$$00000000)
    __rt_lib_shutdown_cpp_1                  0x080002df   Thumb Code     0  libshutdown2.o(.ARM.Collect$$libshutdown$$00000002)
    __rt_lib_shutdown_fp_trap_1              0x080002df   Thumb Code     0  libshutdown2.o(.ARM.Collect$$libshutdown$$00000007)
    __rt_lib_shutdown_heap_1                 0x080002df   Thumb Code     0  libshutdown2.o(.ARM.Collect$$libshutdown$$0000000F)
    __rt_lib_shutdown_return                 0x080002df   Thumb Code     0  libshutdown2.o(.ARM.Collect$$libshutdown$$00000010)
    __rt_lib_shutdown_signal_1               0x080002df   Thumb Code     0  libshutdown2.o(.ARM.Collect$$libshutdown$$0000000A)
    __rt_lib_shutdown_stdio_1                0x080002df   Thumb Code     0  libshutdown2.o(.ARM.Collect$$libshutdown$$00000004)
    __rt_lib_shutdown_user_alloc_1           0x080002df   Thumb Code     0  libshutdown2.o(.ARM.Collect$$libshutdown$$0000000C)
    __rt_entry                               0x080002e1   Thumb Code     0  __rtentry.o(.ARM.Collect$$rtentry$$00000000)
    __rt_entry_presh_1                       0x080002e1   Thumb Code     0  __rtentry2.o(.ARM.Collect$$rtentry$$00000002)
    __rt_entry_sh                            0x080002e1   Thumb Code     0  __rtentry4.o(.ARM.Collect$$rtentry$$00000004)
    __rt_entry_li                            0x080002e7   Thumb Code     0  __rtentry2.o(.ARM.Collect$$rtentry$$0000000A)
    __rt_entry_postsh_1                      0x080002e7   Thumb Code     0  __rtentry2.o(.ARM.Collect$$rtentry$$00000009)
    __rt_entry_main                          0x080002eb   Thumb Code     0  __rtentry2.o(.ARM.Collect$$rtentry$$0000000D)
    __rt_entry_postli_1                      0x080002eb   Thumb Code     0  __rtentry2.o(.ARM.Collect$$rtentry$$0000000C)
    __rt_exit                                0x080002f3   Thumb Code     0  rtexit.o(.ARM.Collect$$rtexit$$00000000)
    __rt_exit_ls                             0x080002f5   Thumb Code     0  rtexit2.o(.ARM.Collect$$rtexit$$00000003)
    __rt_exit_prels_1                        0x080002f5   Thumb Code     0  rtexit2.o(.ARM.Collect$$rtexit$$00000002)
    __rt_exit_exit                           0x080002f9   Thumb Code     0  rtexit2.o(.ARM.Collect$$rtexit$$00000004)
    Reset_Handler                            0x08000301   Thumb Code    62  startup_stm32l476xx.o(.text)
    NMI_Handler                              0x0800033f   Thumb Code     2  startup_stm32l476xx.o(.text)
    HardFault_Handler                        0x08000341   Thumb Code     2  startup_stm32l476xx.o(.text)
    MemManage_Handler                        0x08000343   Thumb Code     2  startup_stm32l476xx.o(.text)
    BusFault_Handler                         0x08000345   Thumb Code     2  startup_stm32l476xx.o(.text)
    UsageFault_Handler                       0x08000347   Thumb Code     2  startup_stm32l476xx.o(.text)
    SVC_Handler                              0x08000349   Thumb Code     2  startup_stm32l476xx.o(.text)
    DebugMon_Handler                         0x0800034b   Thumb Code     2  startup_stm32l476xx.o(.text)
    PendSV_Handler                           0x0800034d   Thumb Code     2  startup_stm32l476xx.o(.text)
    SysTick_Handler                          0x0800034f   Thumb Code     2  startup_stm32l476xx.o(.text)
    ADC1_2_IRQHandler                        0x08000351   Thumb Code     0  startup_stm32l476xx.o(.text)
    ADC3_IRQHandler                          0x08000351   Thumb Code     0  startup_stm32l476xx.o(.text)
    CAN1_RX0_IRQHandler                      0x08000351   Thumb Code     0  startup_stm32l476xx.o(.text)
    CAN1_RX1_IRQHandler                      0x08000351   Thumb Code     0  startup_stm32l476xx.o(.text)
    CAN1_SCE_IRQHandler                      0x08000351   Thumb Code     0  startup_stm32l476xx.o(.text)
    CAN1_TX_IRQHandler                       0x08000351   Thumb Code     0  startup_stm32l476xx.o(.text)
    COMP_IRQHandler                          0x08000351   Thumb Code     0  startup_stm32l476xx.o(.text)
    DFSDM0_IRQHandler                        0x08000351   Thumb Code     0  startup_stm32l476xx.o(.text)
    DFSDM1_IRQHandler                        0x08000351   Thumb Code     0  startup_stm32l476xx.o(.text)
    DFSDM2_IRQHandler                        0x08000351   Thumb Code     0  startup_stm32l476xx.o(.text)
    DFSDM3_IRQHandler                        0x08000351   Thumb Code     0  startup_stm32l476xx.o(.text)
    DMA1_Channel2_IRQHandler                 0x08000351   Thumb Code     0  startup_stm32l476xx.o(.text)
    DMA1_Channel3_IRQHandler                 0x08000351   Thumb Code     0  startup_stm32l476xx.o(.text)
    DMA1_Channel4_IRQHandler                 0x08000351   Thumb Code     0  startup_stm32l476xx.o(.text)
    DMA1_Channel5_IRQHandler                 0x08000351   Thumb Code     0  startup_stm32l476xx.o(.text)
    DMA1_Channel6_IRQHandler                 0x08000351   Thumb Code     0  startup_stm32l476xx.o(.text)
    DMA1_Channel7_IRQHandler                 0x08000351   Thumb Code     0  startup_stm32l476xx.o(.text)
    DMA2_Channel1_IRQHandler                 0x08000351   Thumb Code     0  startup_stm32l476xx.o(.text)
    DMA2_Channel2_IRQHandler                 0x08000351   Thumb Code     0  startup_stm32l476xx.o(.text)
    DMA2_Channel3_IRQHandler                 0x08000351   Thumb Code     0  startup_stm32l476xx.o(.text)
    DMA2_Channel4_IRQHandler                 0x08000351   Thumb Code     0  startup_stm32l476xx.o(.text)
    DMA2_Channel5_IRQHandler                 0x08000351   Thumb Code     0  startup_stm32l476xx.o(.text)
    DMA2_Channel6_IRQHandler                 0x08000351   Thumb Code     0  startup_stm32l476xx.o(.text)
    DMA2_Channel7_IRQHandler                 0x08000351   Thumb Code     0  startup_stm32l476xx.o(.text)
    EXTI0_IRQHandler                         0x08000351   Thumb Code     0  startup_stm32l476xx.o(.text)
    EXTI15_10_IRQHandler                     0x08000351   Thumb Code     0  startup_stm32l476xx.o(.text)
    EXTI1_IRQHandler                         0x08000351   Thumb Code     0  startup_stm32l476xx.o(.text)
    EXTI2_IRQHandler                         0x08000351   Thumb Code     0  startup_stm32l476xx.o(.text)
    EXTI3_IRQHandler                         0x08000351   Thumb Code     0  startup_stm32l476xx.o(.text)
    EXTI4_IRQHandler                         0x08000351   Thumb Code     0  startup_stm32l476xx.o(.text)
    EXTI9_5_IRQHandler                       0x08000351   Thumb Code     0  startup_stm32l476xx.o(.text)
    FLASH_IRQHandler                         0x08000351   Thumb Code     0  startup_stm32l476xx.o(.text)
    FMC_IRQHandler                           0x08000351   Thumb Code     0  startup_stm32l476xx.o(.text)
    FPU_IRQHandler                           0x08000351   Thumb Code     0  startup_stm32l476xx.o(.text)
    I2C1_ER_IRQHandler                       0x08000351   Thumb Code     0  startup_stm32l476xx.o(.text)
    I2C1_EV_IRQHandler                       0x08000351   Thumb Code     0  startup_stm32l476xx.o(.text)
    I2C2_ER_IRQHandler                       0x08000351   Thumb Code     0  startup_stm32l476xx.o(.text)
    I2C2_EV_IRQHandler                       0x08000351   Thumb Code     0  startup_stm32l476xx.o(.text)
    I2C3_ER_IRQHandler                       0x08000351   Thumb Code     0  startup_stm32l476xx.o(.text)
    I2C3_EV_IRQHandler                       0x08000351   Thumb Code     0  startup_stm32l476xx.o(.text)
    LCD_IRQHandler                           0x08000351   Thumb Code     0  startup_stm32l476xx.o(.text)
    LPTIM1_IRQHandler                        0x08000351   Thumb Code     0  startup_stm32l476xx.o(.text)
    LPTIM2_IRQHandler                        0x08000351   Thumb Code     0  startup_stm32l476xx.o(.text)
    LPUART1_IRQHandler                       0x08000351   Thumb Code     0  startup_stm32l476xx.o(.text)
    OTG_FS_IRQHandler                        0x08000351   Thumb Code     0  startup_stm32l476xx.o(.text)
    PVD_PVM_IRQHandler                       0x08000351   Thumb Code     0  startup_stm32l476xx.o(.text)
    QUADSPI_IRQHandler                       0x08000351   Thumb Code     0  startup_stm32l476xx.o(.text)
    RCC_IRQHandler                           0x08000351   Thumb Code     0  startup_stm32l476xx.o(.text)
    RNG_IRQHandler                           0x08000351   Thumb Code     0  startup_stm32l476xx.o(.text)
    RTC_Alarm_IRQHandler                     0x08000351   Thumb Code     0  startup_stm32l476xx.o(.text)
    RTC_WKUP_IRQHandler                      0x08000351   Thumb Code     0  startup_stm32l476xx.o(.text)
    SAI1_IRQHandler                          0x08000351   Thumb Code     0  startup_stm32l476xx.o(.text)
    SAI2_IRQHandler                          0x08000351   Thumb Code     0  startup_stm32l476xx.o(.text)
    SDMMC1_IRQHandler                        0x08000351   Thumb Code     0  startup_stm32l476xx.o(.text)
    SPI1_IRQHandler                          0x08000351   Thumb Code     0  startup_stm32l476xx.o(.text)
    SPI2_IRQHandler                          0x08000351   Thumb Code     0  startup_stm32l476xx.o(.text)
    SPI3_IRQHandler                          0x08000351   Thumb Code     0  startup_stm32l476xx.o(.text)
    SWPMI1_IRQHandler                        0x08000351   Thumb Code     0  startup_stm32l476xx.o(.text)
    TAMP_STAMP_IRQHandler                    0x08000351   Thumb Code     0  startup_stm32l476xx.o(.text)
    TIM1_BRK_TIM15_IRQHandler                0x08000351   Thumb Code     0  startup_stm32l476xx.o(.text)
    TIM1_CC_IRQHandler                       0x08000351   Thumb Code     0  startup_stm32l476xx.o(.text)
    TIM1_TRG_COM_TIM17_IRQHandler            0x08000351   Thumb Code     0  startup_stm32l476xx.o(.text)
    TIM1_UP_TIM16_IRQHandler                 0x08000351   Thumb Code     0  startup_stm32l476xx.o(.text)
    TIM2_IRQHandler                          0x08000351   Thumb Code     0  startup_stm32l476xx.o(.text)
    TIM3_IRQHandler                          0x08000351   Thumb Code     0  startup_stm32l476xx.o(.text)
    TIM5_IRQHandler                          0x08000351   Thumb Code     0  startup_stm32l476xx.o(.text)
    TIM6_DAC_IRQHandler                      0x08000351   Thumb Code     0  startup_stm32l476xx.o(.text)
    TIM7_IRQHandler                          0x08000351   Thumb Code     0  startup_stm32l476xx.o(.text)
    TIM8_BRK_IRQHandler                      0x08000351   Thumb Code     0  startup_stm32l476xx.o(.text)
    TIM8_CC_IRQHandler                       0x08000351   Thumb Code     0  startup_stm32l476xx.o(.text)
    TIM8_TRG_COM_IRQHandler                  0x08000351   Thumb Code     0  startup_stm32l476xx.o(.text)
    TIM8_UP_IRQHandler                       0x08000351   Thumb Code     0  startup_stm32l476xx.o(.text)
    TSC_IRQHandler                           0x08000351   Thumb Code     0  startup_stm32l476xx.o(.text)
    UART4_IRQHandler                         0x08000351   Thumb Code     0  startup_stm32l476xx.o(.text)
    UART5_IRQHandler                         0x08000351   Thumb Code     0  startup_stm32l476xx.o(.text)
    USART1_IRQHandler                        0x08000351   Thumb Code     0  startup_stm32l476xx.o(.text)
    USART3_IRQHandler                        0x08000351   Thumb Code     0  startup_stm32l476xx.o(.text)
    WWDG_IRQHandler                          0x08000351   Thumb Code     0  startup_stm32l476xx.o(.text)
    __user_initial_stackheap                 0x08000355   Thumb Code     0  startup_stm32l476xx.o(.text)
    sprintf                                  0x0800038d   Thumb Code    38  sprintf.o(.text)
    __aeabi_memcpy                           0x080003b9   Thumb Code     0  rt_memcpy_v6.o(.text)
    __rt_memcpy                              0x080003b9   Thumb Code   138  rt_memcpy_v6.o(.text)
    _memcpy_lastbytes                        0x0800041f   Thumb Code     0  rt_memcpy_v6.o(.text)
    __use_two_region_memory                  0x08000443   Thumb Code     2  heapauxi.o(.text)
    __rt_heap_escrow$2region                 0x08000445   Thumb Code     2  heapauxi.o(.text)
    __rt_heap_expand$2region                 0x08000447   Thumb Code     2  heapauxi.o(.text)
    _printf_pre_padding                      0x08000449   Thumb Code    44  _printf_pad.o(.text)
    _printf_post_padding                     0x08000475   Thumb Code    34  _printf_pad.o(.text)
    _printf_truncate_signed                  0x08000497   Thumb Code    18  _printf_truncate.o(.text)
    _printf_truncate_unsigned                0x080004a9   Thumb Code    18  _printf_truncate.o(.text)
    _printf_str                              0x080004bb   Thumb Code    82  _printf_str.o(.text)
    _printf_int_dec                          0x0800050d   Thumb Code   104  _printf_dec.o(.text)
    _printf_charcount                        0x08000585   Thumb Code    40  _printf_charcount.o(.text)
    _printf_char_common                      0x080005b7   Thumb Code    32  _printf_char_common.o(.text)
    _sputc                                   0x080005dd   Thumb Code    10  _sputc.o(.text)
    _printf_wctomb                           0x080005e9   Thumb Code   182  _printf_wctomb.o(.text)
    _printf_longlong_dec                     0x080006ad   Thumb Code   108  _printf_longlong_dec.o(.text)
    _printf_longlong_oct                     0x08000729   Thumb Code    68  _printf_oct_int_ll.o(.text)
    _printf_int_oct                          0x0800076d   Thumb Code    24  _printf_oct_int_ll.o(.text)
    _printf_ll_oct                           0x08000785   Thumb Code    12  _printf_oct_int_ll.o(.text)
    _printf_longlong_hex                     0x08000799   Thumb Code    86  _printf_hex_int_ll_ptr.o(.text)
    _printf_int_hex                          0x080007ef   Thumb Code    28  _printf_hex_int_ll_ptr.o(.text)
    _printf_ll_hex                           0x0800080b   Thumb Code    12  _printf_hex_int_ll_ptr.o(.text)
    _printf_hex_ptr                          0x08000817   Thumb Code    18  _printf_hex_int_ll_ptr.o(.text)
    __printf                                 0x0800082d   Thumb Code   388  __printf_flags_ss_wp.o(.text)
    __aeabi_memcpy4                          0x080009bb   Thumb Code     0  rt_memcpy_w.o(.text)
    __aeabi_memcpy8                          0x080009bb   Thumb Code     0  rt_memcpy_w.o(.text)
    __rt_memcpy_w                            0x080009bb   Thumb Code   100  rt_memcpy_w.o(.text)
    _memcpy_lastbytes_aligned                0x08000a03   Thumb Code     0  rt_memcpy_w.o(.text)
    _ll_udiv10                               0x08000a1f   Thumb Code   138  lludiv10.o(.text)
    _printf_int_common                       0x08000aa9   Thumb Code   178  _printf_intcommon.o(.text)
    _printf_fp_dec_real                      0x08000d0b   Thumb Code   620  _printf_fp_dec.o(.text)
    _printf_fp_hex_real                      0x08000f7d   Thumb Code   756  _printf_fp_hex.o(.text)
    _printf_cs_common                        0x0800127f   Thumb Code    20  _printf_char.o(.text)
    _printf_char                             0x08001293   Thumb Code    16  _printf_char.o(.text)
    _printf_string                           0x080012a3   Thumb Code     8  _printf_char.o(.text)
    _printf_lcs_common                       0x080012ab   Thumb Code    20  _printf_wchar.o(.text)
    _printf_wchar                            0x080012bf   Thumb Code    16  _printf_wchar.o(.text)
    _printf_wstring                          0x080012cf   Thumb Code     8  _printf_wchar.o(.text)
    _c16rtomb                                0x080012d7   Thumb Code    72  _c16rtomb.o(.text)
    _wcrtomb                                 0x080012d7   Thumb Code     0  _c16rtomb.o(.text)
    __user_setup_stackheap                   0x0800131f   Thumb Code    74  sys_stackheap_outer.o(.text)
    __rt_ctype_table                         0x08001369   Thumb Code    16  rt_ctype_table.o(.text)
    __rt_locale                              0x08001379   Thumb Code     8  rt_locale_intlibspace.o(.text)
    _printf_fp_infnan                        0x08001381   Thumb Code   112  _printf_fp_infnan.o(.text)
    _btod_etento                             0x08001401   Thumb Code   224  bigflt0.o(.text)
    exit                                     0x080014e5   Thumb Code    18  exit.o(.text)
    __user_libspace                          0x080014f9   Thumb Code     8  libspace.o(.text)
    __user_perproc_libspace                  0x080014f9   Thumb Code     0  libspace.o(.text)
    __user_perthread_libspace                0x080014f9   Thumb Code     0  libspace.o(.text)
    strcmp                                   0x08001501   Thumb Code   124  strcmpv7em.o(.text)
    _sys_exit                                0x0800157d   Thumb Code     8  sys_exit.o(.text)
    __I$use$semihosting                      0x08001589   Thumb Code     0  use_no_semi.o(.text)
    __use_no_semihosting_swi                 0x08001589   Thumb Code     2  use_no_semi.o(.text)
    __semihosting_library_function           0x0800158b   Thumb Code     0  indicate_semi.o(.text)
    DMA1_Channel1_IRQHandler                 0x0800158d   Thumb Code    48  dma1.o(.text.DMA1_Channel1_IRQHandler)
    TIM4_IRQHandler                          0x080015c1   Thumb Code   392  tim4.o(.text.TIM4_IRQHandler)
    TIM5_CH2_Init                            0x08001765   Thumb Code   132  tim5.o(.text.TIM5_CH2_Init)
    USART2_IRQHandler                        0x080017e9   Thumb Code   226  usart2.o(.text.USART2_IRQHandler)
    USART2_Init                              0x080018cd   Thumb Code    36  usart2.o(.text.USART2_Init)
    USART2_Pin_Init                          0x080018f1   Thumb Code    60  usart2.o(.text.USART2_Pin_Init)
    USART_Init                               0x0800192d   Thumb Code   126  usart2.o(.text.USART_Init)
    _0degrees                                0x080019ad   Thumb Code    16  tim5.o(.text._0degrees)
    configure_LED_pin                        0x08001a1d   Thumb Code    66  led.o(.text.configure_LED_pin)
    configure_PA1                            0x08001a61   Thumb Code    88  tim5.o(.text.configure_PA1)
    configure_PB10                           0x08001ab9   Thumb Code    98  tim2.o(.text.configure_PB10)
    configure_PB6                            0x08001b1d   Thumb Code    66  tim4.o(.text.configure_PB6)
    configure_TIM2_CH3                       0x08001b61   Thumb Code   128  tim2.o(.text.configure_TIM2_CH3)
    configure_TIM4_CH1                       0x08001be1   Thumb Code   174  tim4.o(.text.configure_TIM4_CH1)
    delay                                    0x08001c91   Thumb Code    34  main.o(.text.delay)
    display_distance                         0x08001cb5   Thumb Code   100  tim4.o(.text.display_distance)
    get_distance                             0x08001d19   Thumb Code    14  tim4.o(.text.get_distance)
    main                                     0x08001d29   Thumb Code   316  main.o(.text.main)
    neg_90degrees                            0x08001e65   Thumb Code    16  tim5.o(.text.neg_90degrees)
    pos_90degrees                            0x08001e75   Thumb Code    16  tim5.o(.text.pos_90degrees)
    print                                    0x08001e85   Thumb Code    68  main.o(.text.print)
    turn_off_LED                             0x08001ec9   Thumb Code    16  led.o(.text.turn_off_LED)
    turn_on_LED                              0x08001ed9   Thumb Code    16  led.o(.text.turn_on_LED)
    _btod_d2e                                0x08001ee9   Thumb Code    62  btod.o(CL$$btod_d2e)
    _d2e_denorm_low                          0x08001f27   Thumb Code    70  btod.o(CL$$btod_d2e_denorm_low)
    _d2e_norm_op1                            0x08001f6d   Thumb Code    96  btod.o(CL$$btod_d2e_norm_op1)
    __btod_div_common                        0x08001fcd   Thumb Code   696  btod.o(CL$$btod_div_common)
    _e2e                                     0x08002305   Thumb Code   220  btod.o(CL$$btod_e2e)
    _btod_ediv                               0x080023e1   Thumb Code    42  btod.o(CL$$btod_ediv)
    _btod_emul                               0x0800240b   Thumb Code    42  btod.o(CL$$btod_emul)
    __btod_mult_common                       0x08002435   Thumb Code   580  btod.o(CL$$btod_mult_common)
    __ARM_fpclassify                         0x08002679   Thumb Code    48  fpclassify.o(i.__ARM_fpclassify)
    _is_digit                                0x080026a9   Thumb Code    14  __printf_wp.o(i._is_digit)
    _get_lc_numeric                          0x080026b9   Thumb Code    44  lc_numeric_c.o(locale$$code)
    _get_lc_ctype                            0x080026e5   Thumb Code    44  lc_ctype_c.o(locale$$code)
    __aeabi_d2f                              0x08002711   Thumb Code     0  d2f.o(x$fpl$d2f)
    _d2f                                     0x08002711   Thumb Code    98  d2f.o(x$fpl$d2f)
    __aeabi_ddiv                             0x08002775   Thumb Code     0  ddiv.o(x$fpl$ddiv)
    _ddiv                                    0x08002775   Thumb Code   556  ddiv.o(x$fpl$ddiv)
    __aeabi_dmul                             0x08002a29   Thumb Code     0  dmul.o(x$fpl$dmul)
    _dmul                                    0x08002a29   Thumb Code   332  dmul.o(x$fpl$dmul)
    __fpl_dnaninf                            0x08002b7d   Thumb Code   156  dnaninf.o(x$fpl$dnaninf)
    __fpl_dretinf                            0x08002c19   Thumb Code    12  dretinf.o(x$fpl$dretinf)
    __aeabi_f2d                              0x08002c25   Thumb Code     0  f2d.o(x$fpl$f2d)
    _f2d                                     0x08002c25   Thumb Code    86  f2d.o(x$fpl$f2d)
    __fpl_fnaninf                            0x08002c7b   Thumb Code   140  fnaninf.o(x$fpl$fnaninf)
    _fp_init                                 0x08002d07   Thumb Code    26  fpinit.o(x$fpl$fpinit)
    __fplib_config_fpu_vfp                   0x08002d1f   Thumb Code     0  fpinit.o(x$fpl$fpinit)
    __fplib_config_pureend_doubles           0x08002d1f   Thumb Code     0  fpinit.o(x$fpl$fpinit)
    __fpl_fretinf                            0x08002d21   Thumb Code    10  fretinf.o(x$fpl$fretinf)
    _printf_fp_dec                           0x08002d2b   Thumb Code     4  printf1.o(x$fpl$printf1)
    _printf_fp_hex                           0x08002d2f   Thumb Code     4  printf2.o(x$fpl$printf2)
    __I$use$fp                               0x08002d32   Number         0  usenofp.o(x$fpl$usenofp)
    Region$$Table$$Base                      0x08002ef8   Number         0  anon$$obj.o(Region$$Table)
    Region$$Table$$Limit                     0x08002f18   Number         0  anon$$obj.o(Region$$Table)
    __ctype                                  0x08002f41   Data           0  lc_ctype_c.o(locale$$data)
    Image$$ER_IROM1$$RO$$Limit               0x08003044   Number         0  anon$$obj.o ABSOLUTE
    Image$$ER_IROM1$$RW$$Base                0x08003044   Number         0  anon$$obj.o ABSOLUTE
    Image$$ER_IROM1$$RW$$Limit               0x08003044   Number         0  anon$$obj.o ABSOLUTE
    Image$$ER_IROM1$$ZI$$Base                0x08003044   Number         0  anon$$obj.o ABSOLUTE
    Image$$ER_IROM1$$ZI$$Limit               0x08003044   Number         0  anon$$obj.o ABSOLUTE
    Load$$RW_IRAM1$$Base                     0x08003048   Number         0  anon$$obj.o ABSOLUTE
    Image$$RW_IRAM1$$Base                    0x20000000   Number         0  anon$$obj.o ABSOLUTE
    Image$$RW_IRAM1$$RO$$Base                0x20000000   Number         0  anon$$obj.o ABSOLUTE
    Image$$RW_IRAM1$$RW$$Base                0x20000000   Number         0  anon$$obj.o ABSOLUTE
    fck_cnt                                  0x20000000   Data           4  tim4.o(.data.fck_cnt)
    Image$$RW_IRAM1$$Limit                   0x20000008   Number         0  anon$$obj.o ABSOLUTE
    Image$$RW_IRAM1$$RW$$Limit               0x20000008   Number         0  anon$$obj.o ABSOLUTE
    Image$$RW_IRAM1$$ZI$$Base                0x20000008   Number         0  anon$$obj.o ABSOLUTE
    __libspace_start                         0x20000008   Data          96  libspace.o(.bss)
    N_uev                                    0x20000068   Data           4  tim4.o(.bss.N_uev)
    __temporary_stack_top$libspace           0x20000068   Data           0  libspace.o(.bss)
    current_CCR                              0x2000006c   Data           4  tim4.o(.bss.current_CCR)
    current_distance                         0x20000070   Data           4  main.o(.bss.current_distance)
    distance                                 0x20000074   Data           4  tim4.o(.bss.distance)
    echo_pulse_width                         0x20000078   Data           4  tim4.o(.bss.echo_pulse_width)
    left_distance                            0x2000007c   Data           4  main.o(.bss.left_distance)
    previous_CCR                             0x20000080   Data           4  tim4.o(.bss.previous_CCR)
    right_distance                           0x20000084   Data           4  main.o(.bss.right_distance)
    Image$$RW_IRAM1$$ZI$$Limit               0x20000688   Number         0  anon$$obj.o ABSOLUTE



==============================================================================

Memory Map of the image

  Image Entry point : 0x08000189

  Load Region LR_IROM1 (Base: 0x08000000, Size: 0x00003050, Max: 0x00100000, ABSOLUTE)

    Execution Region ER_IROM1 (Exec base: 0x08000000, Load base: 0x08000000, Size: 0x00003044, Max: 0x00100000, ABSOLUTE)

    Exec Addr    Load Addr    Size         Type   Attr      Idx    E Section Name        Object

    0x08000000   0x08000000   0x00000188   Data   RO            3    RESET               startup_stm32l476xx.o
    0x08000188   0x08000188   0x00000008   Code   RO          138  * !!!main             c_w.l(__main.o)
    0x08000190   0x08000190   0x0000005c   Code   RO          495    !!!scatter          c_w.l(__scatter.o)
    0x080001ec   0x080001ec   0x0000001a   Code   RO          499    !!handler_copy      c_w.l(__scatter_copy.o)
    0x08000206   0x08000206   0x00000002   PAD
    0x08000208   0x08000208   0x00000002   Code   RO          496    !!handler_null      c_w.l(__scatter.o)
    0x0800020a   0x0800020a   0x00000002   PAD
    0x0800020c   0x0800020c   0x0000001c   Code   RO          501    !!handler_zi        c_w.l(__scatter_zi.o)
    0x08000228   0x08000228   0x00000000   Code   RO          232    .ARM.Collect$$_printf_percent$$00000000  c_w.l(_printf_percent.o)
    0x08000228   0x08000228   0x00000006   Code   RO          221    .ARM.Collect$$_printf_percent$$00000001  c_w.l(_printf_n.o)
    0x0800022e   0x0800022e   0x00000006   Code   RO          223    .ARM.Collect$$_printf_percent$$00000002  c_w.l(_printf_p.o)
    0x08000234   0x08000234   0x00000006   Code   RO          228    .ARM.Collect$$_printf_percent$$00000003  c_w.l(_printf_f.o)
    0x0800023a   0x0800023a   0x00000006   Code   RO          229    .ARM.Collect$$_printf_percent$$00000004  c_w.l(_printf_e.o)
    0x08000240   0x08000240   0x00000006   Code   RO          230    .ARM.Collect$$_printf_percent$$00000005  c_w.l(_printf_g.o)
    0x08000246   0x08000246   0x00000006   Code   RO          231    .ARM.Collect$$_printf_percent$$00000006  c_w.l(_printf_a.o)
    0x0800024c   0x0800024c   0x0000000a   Code   RO          236    .ARM.Collect$$_printf_percent$$00000007  c_w.l(_printf_ll.o)
    0x08000256   0x08000256   0x00000006   Code   RO          225    .ARM.Collect$$_printf_percent$$00000008  c_w.l(_printf_i.o)
    0x0800025c   0x0800025c   0x00000006   Code   RO          226    .ARM.Collect$$_printf_percent$$00000009  c_w.l(_printf_d.o)
    0x08000262   0x08000262   0x00000006   Code   RO          227    .ARM.Collect$$_printf_percent$$0000000A  c_w.l(_printf_u.o)
    0x08000268   0x08000268   0x00000006   Code   RO          224    .ARM.Collect$$_printf_percent$$0000000B  c_w.l(_printf_o.o)
    0x0800026e   0x0800026e   0x00000006   Code   RO          222    .ARM.Collect$$_printf_percent$$0000000C  c_w.l(_printf_x.o)
    0x08000274   0x08000274   0x00000006   Code   RO          233    .ARM.Collect$$_printf_percent$$0000000D  c_w.l(_printf_lli.o)
    0x0800027a   0x0800027a   0x00000006   Code   RO          234    .ARM.Collect$$_printf_percent$$0000000E  c_w.l(_printf_lld.o)
    0x08000280   0x08000280   0x00000006   Code   RO          235    .ARM.Collect$$_printf_percent$$0000000F  c_w.l(_printf_llu.o)
    0x08000286   0x08000286   0x00000006   Code   RO          240    .ARM.Collect$$_printf_percent$$00000010  c_w.l(_printf_llo.o)
    0x0800028c   0x0800028c   0x00000006   Code   RO          241    .ARM.Collect$$_printf_percent$$00000011  c_w.l(_printf_llx.o)
    0x08000292   0x08000292   0x0000000a   Code   RO          237    .ARM.Collect$$_printf_percent$$00000012  c_w.l(_printf_l.o)
    0x0800029c   0x0800029c   0x00000006   Code   RO          219    .ARM.Collect$$_printf_percent$$00000013  c_w.l(_printf_c.o)
    0x080002a2   0x080002a2   0x00000006   Code   RO          220    .ARM.Collect$$_printf_percent$$00000014  c_w.l(_printf_s.o)
    0x080002a8   0x080002a8   0x00000006   Code   RO          238    .ARM.Collect$$_printf_percent$$00000015  c_w.l(_printf_lc.o)
    0x080002ae   0x080002ae   0x00000006   Code   RO          239    .ARM.Collect$$_printf_percent$$00000016  c_w.l(_printf_ls.o)
    0x080002b4   0x080002b4   0x00000004   Code   RO          293    .ARM.Collect$$_printf_percent$$00000017  c_w.l(_printf_percent_end.o)
    0x080002b8   0x080002b8   0x00000002   Code   RO          344    .ARM.Collect$$libinit$$00000000  c_w.l(libinit.o)
    0x080002ba   0x080002ba   0x00000004   Code   RO          361    .ARM.Collect$$libinit$$00000001  c_w.l(libinit2.o)
    0x080002be   0x080002be   0x00000000   Code   RO          364    .ARM.Collect$$libinit$$00000004  c_w.l(libinit2.o)
    0x080002be   0x080002be   0x00000000   Code   RO          366    .ARM.Collect$$libinit$$00000006  c_w.l(libinit2.o)
    0x080002be   0x080002be   0x00000000   Code   RO          369    .ARM.Collect$$libinit$$0000000C  c_w.l(libinit2.o)
    0x080002be   0x080002be   0x00000000   Code   RO          371    .ARM.Collect$$libinit$$0000000E  c_w.l(libinit2.o)
    0x080002be   0x080002be   0x00000000   Code   RO          373    .ARM.Collect$$libinit$$00000010  c_w.l(libinit2.o)
    0x080002be   0x080002be   0x00000006   Code   RO          374    .ARM.Collect$$libinit$$00000011  c_w.l(libinit2.o)
    0x080002c4   0x080002c4   0x00000000   Code   RO          376    .ARM.Collect$$libinit$$00000013  c_w.l(libinit2.o)
    0x080002c4   0x080002c4   0x0000000c   Code   RO          377    .ARM.Collect$$libinit$$00000014  c_w.l(libinit2.o)
    0x080002d0   0x080002d0   0x00000000   Code   RO          378    .ARM.Collect$$libinit$$00000015  c_w.l(libinit2.o)
    0x080002d0   0x080002d0   0x00000000   Code   RO          380    .ARM.Collect$$libinit$$00000017  c_w.l(libinit2.o)
    0x080002d0   0x080002d0   0x0000000a   Code   RO          381    .ARM.Collect$$libinit$$00000018  c_w.l(libinit2.o)
    0x080002da   0x080002da   0x00000000   Code   RO          382    .ARM.Collect$$libinit$$00000019  c_w.l(libinit2.o)
    0x080002da   0x080002da   0x00000000   Code   RO          384    .ARM.Collect$$libinit$$0000001B  c_w.l(libinit2.o)
    0x080002da   0x080002da   0x00000000   Code   RO          386    .ARM.Collect$$libinit$$0000001D  c_w.l(libinit2.o)
    0x080002da   0x080002da   0x00000000   Code   RO          388    .ARM.Collect$$libinit$$0000001F  c_w.l(libinit2.o)
    0x080002da   0x080002da   0x00000000   Code   RO          390    .ARM.Collect$$libinit$$00000021  c_w.l(libinit2.o)
    0x080002da   0x080002da   0x00000000   Code   RO          392    .ARM.Collect$$libinit$$00000023  c_w.l(libinit2.o)
    0x080002da   0x080002da   0x00000000   Code   RO          394    .ARM.Collect$$libinit$$00000025  c_w.l(libinit2.o)
    0x080002da   0x080002da   0x00000000   Code   RO          396    .ARM.Collect$$libinit$$00000027  c_w.l(libinit2.o)
    0x080002da   0x080002da   0x00000000   Code   RO          400    .ARM.Collect$$libinit$$0000002E  c_w.l(libinit2.o)
    0x080002da   0x080002da   0x00000000   Code   RO          402    .ARM.Collect$$libinit$$00000030  c_w.l(libinit2.o)
    0x080002da   0x080002da   0x00000000   Code   RO          404    .ARM.Collect$$libinit$$00000032  c_w.l(libinit2.o)
    0x080002da   0x080002da   0x00000000   Code   RO          406    .ARM.Collect$$libinit$$00000034  c_w.l(libinit2.o)
    0x080002da   0x080002da   0x00000002   Code   RO          407    .ARM.Collect$$libinit$$00000035  c_w.l(libinit2.o)
    0x080002dc   0x080002dc   0x00000002   Code   RO          431    .ARM.Collect$$libshutdown$$00000000  c_w.l(libshutdown.o)
    0x080002de   0x080002de   0x00000000   Code   RO          446    .ARM.Collect$$libshutdown$$00000002  c_w.l(libshutdown2.o)
    0x080002de   0x080002de   0x00000000   Code   RO          448    .ARM.Collect$$libshutdown$$00000004  c_w.l(libshutdown2.o)
    0x080002de   0x080002de   0x00000000   Code   RO          451    .ARM.Collect$$libshutdown$$00000007  c_w.l(libshutdown2.o)
    0x080002de   0x080002de   0x00000000   Code   RO          454    .ARM.Collect$$libshutdown$$0000000A  c_w.l(libshutdown2.o)
    0x080002de   0x080002de   0x00000000   Code   RO          456    .ARM.Collect$$libshutdown$$0000000C  c_w.l(libshutdown2.o)
    0x080002de   0x080002de   0x00000000   Code   RO          459    .ARM.Collect$$libshutdown$$0000000F  c_w.l(libshutdown2.o)
    0x080002de   0x080002de   0x00000002   Code   RO          460    .ARM.Collect$$libshutdown$$00000010  c_w.l(libshutdown2.o)
    0x080002e0   0x080002e0   0x00000000   Code   RO          150    .ARM.Collect$$rtentry$$00000000  c_w.l(__rtentry.o)
    0x080002e0   0x080002e0   0x00000000   Code   RO          262    .ARM.Collect$$rtentry$$00000002  c_w.l(__rtentry2.o)
    0x080002e0   0x080002e0   0x00000006   Code   RO          274    .ARM.Collect$$rtentry$$00000004  c_w.l(__rtentry4.o)
    0x080002e6   0x080002e6   0x00000000   Code   RO          264    .ARM.Collect$$rtentry$$00000009  c_w.l(__rtentry2.o)
    0x080002e6   0x080002e6   0x00000004   Code   RO          265    .ARM.Collect$$rtentry$$0000000A  c_w.l(__rtentry2.o)
    0x080002ea   0x080002ea   0x00000000   Code   RO          267    .ARM.Collect$$rtentry$$0000000C  c_w.l(__rtentry2.o)
    0x080002ea   0x080002ea   0x00000008   Code   RO          268    .ARM.Collect$$rtentry$$0000000D  c_w.l(__rtentry2.o)
    0x080002f2   0x080002f2   0x00000002   Code   RO          352    .ARM.Collect$$rtexit$$00000000  c_w.l(rtexit.o)
    0x080002f4   0x080002f4   0x00000000   Code   RO          409    .ARM.Collect$$rtexit$$00000002  c_w.l(rtexit2.o)
    0x080002f4   0x080002f4   0x00000004   Code   RO          410    .ARM.Collect$$rtexit$$00000003  c_w.l(rtexit2.o)
    0x080002f8   0x080002f8   0x00000006   Code   RO          411    .ARM.Collect$$rtexit$$00000004  c_w.l(rtexit2.o)
    0x080002fe   0x080002fe   0x00000002   PAD
    0x08000300   0x08000300   0x0000008c   Code   RO            4    .text               startup_stm32l476xx.o
    0x0800038c   0x0800038c   0x0000002c   Code   RO          132    .text               c_w.l(sprintf.o)
    0x080003b8   0x080003b8   0x0000008a   Code   RO          134    .text               c_w.l(rt_memcpy_v6.o)
    0x08000442   0x08000442   0x00000006   Code   RO          136    .text               c_w.l(heapauxi.o)
    0x08000448   0x08000448   0x0000004e   Code   RO          153    .text               c_w.l(_printf_pad.o)
    0x08000496   0x08000496   0x00000024   Code   RO          155    .text               c_w.l(_printf_truncate.o)
    0x080004ba   0x080004ba   0x00000052   Code   RO          157    .text               c_w.l(_printf_str.o)
    0x0800050c   0x0800050c   0x00000078   Code   RO          159    .text               c_w.l(_printf_dec.o)
    0x08000584   0x08000584   0x00000028   Code   RO          161    .text               c_w.l(_printf_charcount.o)
    0x080005ac   0x080005ac   0x00000030   Code   RO          163    .text               c_w.l(_printf_char_common.o)
    0x080005dc   0x080005dc   0x0000000a   Code   RO          165    .text               c_w.l(_sputc.o)
    0x080005e6   0x080005e6   0x00000002   PAD
    0x080005e8   0x080005e8   0x000000c2   Code   RO          167    .text               c_w.l(_printf_wctomb.o)
    0x080006aa   0x080006aa   0x00000002   PAD
    0x080006ac   0x080006ac   0x0000007c   Code   RO          170    .text               c_w.l(_printf_longlong_dec.o)
    0x08000728   0x08000728   0x00000070   Code   RO          176    .text               c_w.l(_printf_oct_int_ll.o)
    0x08000798   0x08000798   0x00000094   Code   RO          196    .text               c_w.l(_printf_hex_int_ll_ptr.o)
    0x0800082c   0x0800082c   0x0000018e   Code   RO          216    .text               c_w.l(__printf_flags_ss_wp.o)
    0x080009ba   0x080009ba   0x00000064   Code   RO          242    .text               c_w.l(rt_memcpy_w.o)
    0x08000a1e   0x08000a1e   0x0000008a   Code   RO          276    .text               c_w.l(lludiv10.o)
    0x08000aa8   0x08000aa8   0x000000b2   Code   RO          278    .text               c_w.l(_printf_intcommon.o)
    0x08000b5a   0x08000b5a   0x00000422   Code   RO          280    .text               c_w.l(_printf_fp_dec.o)
    0x08000f7c   0x08000f7c   0x00000302   Code   RO          284    .text               c_w.l(_printf_fp_hex.o)
    0x0800127e   0x0800127e   0x0000002c   Code   RO          289    .text               c_w.l(_printf_char.o)
    0x080012aa   0x080012aa   0x0000002c   Code   RO          291    .text               c_w.l(_printf_wchar.o)
    0x080012d6   0x080012d6   0x00000048   Code   RO          294    .text               c_w.l(_c16rtomb.o)
    0x0800131e   0x0800131e   0x0000004a   Code   RO          296    .text               c_w.l(sys_stackheap_outer.o)
    0x08001368   0x08001368   0x00000010   Code   RO          298    .text               c_w.l(rt_ctype_table.o)
    0x08001378   0x08001378   0x00000008   Code   RO          303    .text               c_w.l(rt_locale_intlibspace.o)
    0x08001380   0x08001380   0x00000080   Code   RO          305    .text               c_w.l(_printf_fp_infnan.o)
    0x08001400   0x08001400   0x000000e4   Code   RO          307    .text               c_w.l(bigflt0.o)
    0x080014e4   0x080014e4   0x00000012   Code   RO          337    .text               c_w.l(exit.o)
    0x080014f6   0x080014f6   0x00000002   PAD
    0x080014f8   0x080014f8   0x00000008   Code   RO          349    .text               c_w.l(libspace.o)
    0x08001500   0x08001500   0x0000007c   Code   RO          359    .text               c_w.l(strcmpv7em.o)
    0x0800157c   0x0800157c   0x0000000c   Code   RO          421    .text               c_w.l(sys_exit.o)
    0x08001588   0x08001588   0x00000002   Code   RO          436    .text               c_w.l(use_no_semi.o)
    0x0800158a   0x0800158a   0x00000000   Code   RO          438    .text               c_w.l(indicate_semi.o)
    0x0800158a   0x0800158a   0x00000002   PAD
    0x0800158c   0x0800158c   0x00000030   Code   RO          120    .text.DMA1_Channel1_IRQHandler  dma1.o
    0x080015bc   0x080015bc   0x00000004   PAD
    0x080015c0   0x080015c0   0x000001a4   Code   RO           61    .text.TIM4_IRQHandler  tim4.o
    0x08001764   0x08001764   0x00000084   Code   RO          101    .text.TIM5_CH2_Init  tim5.o
    0x080017e8   0x080017e8   0x000000e2   Code   RO           89    .text.USART2_IRQHandler  usart2.o
    0x080018ca   0x080018ca   0x00000002   PAD
    0x080018cc   0x080018cc   0x00000024   Code   RO           81    .text.USART2_Init   usart2.o
    0x080018f0   0x080018f0   0x0000003c   Code   RO           83    .text.USART2_Pin_Init  usart2.o
    0x0800192c   0x0800192c   0x0000007e   Code   RO           85    .text.USART_Init    usart2.o
    0x080019aa   0x080019aa   0x00000002   PAD
    0x080019ac   0x080019ac   0x00000010   Code   RO          105    .text._0degrees     tim5.o
    0x080019bc   0x080019bc   0x00000030   Code   RO           59    .text.__NVIC_EnableIRQ  tim4.o
    0x080019ec   0x080019ec   0x00000030   Code   RO           87    .text.__NVIC_EnableIRQ  usart2.o
    0x08001a1c   0x08001a1c   0x00000042   Code   RO           29    .text.configure_LED_pin  led.o
    0x08001a5e   0x08001a5e   0x00000002   PAD
    0x08001a60   0x08001a60   0x00000058   Code   RO           99    .text.configure_PA1  tim5.o
    0x08001ab8   0x08001ab8   0x00000062   Code   RO           44    .text.configure_PB10  tim2.o
    0x08001b1a   0x08001b1a   0x00000002   PAD
    0x08001b1c   0x08001b1c   0x00000042   Code   RO           55    .text.configure_PB6  tim4.o
    0x08001b5e   0x08001b5e   0x00000002   PAD
    0x08001b60   0x08001b60   0x00000080   Code   RO           46    .text.configure_TIM2_CH3  tim2.o
    0x08001be0   0x08001be0   0x000000ae   Code   RO           57    .text.configure_TIM4_CH1  tim4.o
    0x08001c8e   0x08001c8e   0x00000002   PAD
    0x08001c90   0x08001c90   0x00000022   Code   RO           11    .text.delay         main.o
    0x08001cb2   0x08001cb2   0x00000002   PAD
    0x08001cb4   0x08001cb4   0x00000064   Code   RO           63    .text.display_distance  tim4.o
    0x08001d18   0x08001d18   0x0000000e   Code   RO           65    .text.get_distance  tim4.o
    0x08001d26   0x08001d26   0x00000002   PAD
    0x08001d28   0x08001d28   0x0000013c   Code   RO           15    .text.main          main.o
    0x08001e64   0x08001e64   0x00000010   Code   RO          107    .text.neg_90degrees  tim5.o
    0x08001e74   0x08001e74   0x00000010   Code   RO          103    .text.pos_90degrees  tim5.o
    0x08001e84   0x08001e84   0x00000044   Code   RO           13    .text.print         main.o
    0x08001ec8   0x08001ec8   0x00000010   Code   RO           33    .text.turn_off_LED  led.o
    0x08001ed8   0x08001ed8   0x00000010   Code   RO           31    .text.turn_on_LED   led.o
    0x08001ee8   0x08001ee8   0x0000003e   Code   RO          310    CL$$btod_d2e        c_w.l(btod.o)
    0x08001f26   0x08001f26   0x00000046   Code   RO          312    CL$$btod_d2e_denorm_low  c_w.l(btod.o)
    0x08001f6c   0x08001f6c   0x00000060   Code   RO          311    CL$$btod_d2e_norm_op1  c_w.l(btod.o)
    0x08001fcc   0x08001fcc   0x00000338   Code   RO          320    CL$$btod_div_common  c_w.l(btod.o)
    0x08002304   0x08002304   0x000000dc   Code   RO          317    CL$$btod_e2e        c_w.l(btod.o)
    0x080023e0   0x080023e0   0x0000002a   Code   RO          314    CL$$btod_ediv       c_w.l(btod.o)
    0x0800240a   0x0800240a   0x0000002a   Code   RO          313    CL$$btod_emul       c_w.l(btod.o)
    0x08002434   0x08002434   0x00000244   Code   RO          319    CL$$btod_mult_common  c_w.l(btod.o)
    0x08002678   0x08002678   0x00000030   Code   RO          347    i.__ARM_fpclassify  m_wm.l(fpclassify.o)
    0x080026a8   0x080026a8   0x0000000e   Code   RO          209    i._is_digit         c_w.l(__printf_wp.o)
    0x080026b6   0x080026b6   0x00000002   PAD
    0x080026b8   0x080026b8   0x0000002c   Code   RO          335    locale$$code        c_w.l(lc_numeric_c.o)
    0x080026e4   0x080026e4   0x0000002c   Code   RO          357    locale$$code        c_w.l(lc_ctype_c.o)
    0x08002710   0x08002710   0x00000062   Code   RO          140    x$fpl$d2f           fz_wm.l(d2f.o)
    0x08002772   0x08002772   0x00000002   PAD
    0x08002774   0x08002774   0x000002b4   Code   RO          143    x$fpl$ddiv          fz_wm.l(ddiv.o)
    0x08002a28   0x08002a28   0x00000154   Code   RO          146    x$fpl$dmul          fz_wm.l(dmul.o)
    0x08002b7c   0x08002b7c   0x0000009c   Code   RO          244    x$fpl$dnaninf       fz_wm.l(dnaninf.o)
    0x08002c18   0x08002c18   0x0000000c   Code   RO          246    x$fpl$dretinf       fz_wm.l(dretinf.o)
    0x08002c24   0x08002c24   0x00000056   Code   RO          148    x$fpl$f2d           fz_wm.l(f2d.o)
    0x08002c7a   0x08002c7a   0x0000008c   Code   RO          248    x$fpl$fnaninf       fz_wm.l(fnaninf.o)
    0x08002d06   0x08002d06   0x0000001a   Code   RO          419    x$fpl$fpinit        fz_wm.l(fpinit.o)
    0x08002d20   0x08002d20   0x0000000a   Code   RO          250    x$fpl$fretinf       fz_wm.l(fretinf.o)
    0x08002d2a   0x08002d2a   0x00000004   Code   RO          252    x$fpl$printf1       fz_wm.l(printf1.o)
    0x08002d2e   0x08002d2e   0x00000004   Code   RO          254    x$fpl$printf2       fz_wm.l(printf2.o)
    0x08002d32   0x08002d32   0x00000000   Code   RO          260    x$fpl$usenofp       fz_wm.l(usenofp.o)
    0x08002d32   0x08002d32   0x00000002   PAD
    0x08002d34   0x08002d34   0x00000008   Data   RO          168    .constdata          c_w.l(_printf_wctomb.o)
    0x08002d3c   0x08002d3c   0x00000028   Data   RO          197    .constdata          c_w.l(_printf_hex_int_ll_ptr.o)
    0x08002d64   0x08002d64   0x00000011   Data   RO          217    .constdata          c_w.l(__printf_flags_ss_wp.o)
    0x08002d75   0x08002d75   0x00000026   Data   RO          285    .constdata          c_w.l(_printf_fp_hex.o)
    0x08002d9b   0x08002d9b   0x00000001   PAD
    0x08002d9c   0x08002d9c   0x00000094   Data   RO          308    .constdata          c_w.l(bigflt0.o)
    0x08002e30   0x08002e30   0x0000008f   Data   RO           17    .rodata.str1.1      main.o
    0x08002ebf   0x08002ebf   0x00000007   Data   RO           73    .rodata.str1.1      tim4.o
    0x08002ec6   0x08002ec6   0x00000030   Data   RO           91    .rodata.str1.1      usart2.o
    0x08002ef6   0x08002ef6   0x00000002   PAD
    0x08002ef8   0x08002ef8   0x00000020   Data   RO          494    Region$$Table       anon$$obj.o
    0x08002f18   0x08002f18   0x0000001c   Data   RO          334    locale$$data        c_w.l(lc_numeric_c.o)
    0x08002f34   0x08002f34   0x00000110   Data   RO          356    locale$$data        c_w.l(lc_ctype_c.o)


    Execution Region RW_IRAM1 (Exec base: 0x20000000, Load base: 0x08003048, Size: 0x00000688, Max: 0x00018000, ABSOLUTE)

    Exec Addr    Load Addr    Size         Type   Attr      Idx    E Section Name        Object

    0x20000000   0x08003048   0x00000004   Data   RW           67    .data.fck_cnt       tim4.o
    0x20000004   0x0800304c   0x00000004   PAD
    0x20000008        -       0x00000060   Zero   RW          350    .bss                c_w.l(libspace.o)
    0x20000068        -       0x00000004   Zero   RW           70    .bss.N_uev          tim4.o
    0x2000006c        -       0x00000004   Zero   RW           69    .bss.current_CCR    tim4.o
    0x20000070        -       0x00000004   Zero   RW           18    .bss.current_distance  main.o
    0x20000074        -       0x00000004   Zero   RW           72    .bss.distance       tim4.o
    0x20000078        -       0x00000004   Zero   RW           71    .bss.echo_pulse_width  tim4.o
    0x2000007c        -       0x00000004   Zero   RW           20    .bss.left_distance  main.o
    0x20000080        -       0x00000004   Zero   RW           68    .bss.previous_CCR   tim4.o
    0x20000084        -       0x00000004   Zero   RW           19    .bss.right_distance  main.o
    0x20000088        -       0x00000200   Zero   RW            2    HEAP                startup_stm32l476xx.o
    0x20000288        -       0x00000400   Zero   RW            1    STACK               startup_stm32l476xx.o


==============================================================================

Image component sizes


      Code (inc. data)   RO Data    RW Data    ZI Data      Debug   Object Name

        48          0          0          0          0       4814   dma1.o
        98          0          0          0          0       1962   led.o
       418          0        143          0         12       1787   main.o
       140         48        392          0       1536        900   startup_stm32l476xx.o
       226          0          0          0          0       2334   tim2.o
       822         28          7          4         20       5773   tim4.o
       268          0          0          0          0       2561   tim5.o
       496          0         48          0          0       5771   usart2.o

    ----------------------------------------------------------------------
      2536         76        624          4       1572      25902   Object Totals
         0          0         32          0          0          0   (incl. Generated)
        20          0          2          0          4          0   (incl. Padding)

    ----------------------------------------------------------------------

      Code (inc. data)   RO Data    RW Data    ZI Data      Debug   Library Member Name

         8          0          0          0          0         68   __main.o
       398          4         17          0          0         92   __printf_flags_ss_wp.o
        14          0          0          0          0         68   __printf_wp.o
         0          0          0          0          0          0   __rtentry.o
        12          0          0          0          0          0   __rtentry2.o
         6          0          0          0          0          0   __rtentry4.o
        94          8          0          0          0          0   __scatter.o
        26          0          0          0          0          0   __scatter_copy.o
        28          0          0          0          0          0   __scatter_zi.o
        72          0          0          0          0         96   _c16rtomb.o
         6          0          0          0          0          0   _printf_a.o
         6          0          0          0          0          0   _printf_c.o
        44          0          0          0          0        108   _printf_char.o
        48          6          0          0          0         96   _printf_char_common.o
        40          0          0          0          0         68   _printf_charcount.o
         6          0          0          0          0          0   _printf_d.o
       120         16          0          0          0         92   _printf_dec.o
         6          0          0          0          0          0   _printf_e.o
         6          0          0          0          0          0   _printf_f.o
      1058          0          0          0          0        148   _printf_fp_dec.o
       770          8         38          0          0        100   _printf_fp_hex.o
       128         16          0          0          0         84   _printf_fp_infnan.o
         6          0          0          0          0          0   _printf_g.o
       148          4         40          0          0        160   _printf_hex_int_ll_ptr.o
         6          0          0          0          0          0   _printf_i.o
       178          0          0          0          0         88   _printf_intcommon.o
        10          0          0          0          0          0   _printf_l.o
         6          0          0          0          0          0   _printf_lc.o
        10          0          0          0          0          0   _printf_ll.o
         6          0          0          0          0          0   _printf_lld.o
         6          0          0          0          0          0   _printf_lli.o
         6          0          0          0          0          0   _printf_llo.o
         6          0          0          0          0          0   _printf_llu.o
         6          0          0          0          0          0   _printf_llx.o
       124         16          0          0          0         92   _printf_longlong_dec.o
         6          0          0          0          0          0   _printf_ls.o
         6          0          0          0          0          0   _printf_n.o
         6          0          0          0          0          0   _printf_o.o
       112          8          0          0          0        124   _printf_oct_int_ll.o
         6          0          0          0          0          0   _printf_p.o
        78          0          0          0          0        108   _printf_pad.o
         0          0          0          0          0          0   _printf_percent.o
         4          0          0          0          0          0   _printf_percent_end.o
         6          0          0          0          0          0   _printf_s.o
        82          0          0          0          0         80   _printf_str.o
        36          0          0          0          0         84   _printf_truncate.o
         6          0          0          0          0          0   _printf_u.o
        44          0          0          0          0        108   _printf_wchar.o
       194          6          8          0          0         92   _printf_wctomb.o
         6          0          0          0          0          0   _printf_x.o
        10          0          0          0          0         68   _sputc.o
       228          4        148          0          0         96   bigflt0.o
      1936        128          0          0          0        668   btod.o
        18          0          0          0          0         80   exit.o
         6          0          0          0          0        152   heapauxi.o
         0          0          0          0          0          0   indicate_semi.o
        44         10        272          0          0         76   lc_ctype_c.o
        44         10         28          0          0         76   lc_numeric_c.o
         2          0          0          0          0          0   libinit.o
        34          0          0          0          0          0   libinit2.o
         2          0          0          0          0          0   libshutdown.o
         2          0          0          0          0          0   libshutdown2.o
         8          4          0          0         96         68   libspace.o
       138          0          0          0          0         80   lludiv10.o
        16          4          0          0          0         76   rt_ctype_table.o
         8          4          0          0          0         68   rt_locale_intlibspace.o
       138          0          0          0          0         68   rt_memcpy_v6.o
       100          0          0          0          0         80   rt_memcpy_w.o
         2          0          0          0          0          0   rtexit.o
        10          0          0          0          0          0   rtexit2.o
        44          6          0          0          0         84   sprintf.o
       124          0          0          0          0         88   strcmpv7em.o
        12          4          0          0          0         68   sys_exit.o
        74          0          0          0          0         80   sys_stackheap_outer.o
         2          0          0          0          0         68   use_no_semi.o
        98          4          0          0          0        140   d2f.o
       692        140          0          0          0        264   ddiv.o
       340         12          0          0          0        152   dmul.o
       156          4          0          0          0        140   dnaninf.o
        12          0          0          0          0        116   dretinf.o
        86          4          0          0          0        132   f2d.o
       140          4          0          0          0        132   fnaninf.o
        26          0          0          0          0        116   fpinit.o
        10          0          0          0          0        116   fretinf.o
         4          0          0          0          0        116   printf1.o
         4          0          0          0          0        116   printf2.o
         0          0          0          0          0          0   usenofp.o
        48          0          0          0          0        124   fpclassify.o

    ----------------------------------------------------------------------
      8644        434        552          0         96       5664   Library Totals
        20          0          1          0          0          0   (incl. Padding)

    ----------------------------------------------------------------------

      Code (inc. data)   RO Data    RW Data    ZI Data      Debug   Library Name

      7008        266        551          0         96       4000   c_w.l
      1568        168          0          0          0       1540   fz_wm.l
        48          0          0          0          0        124   m_wm.l

    ----------------------------------------------------------------------
      8644        434        552          0         96       5664   Library Totals

    ----------------------------------------------------------------------

==============================================================================


      Code (inc. data)   RO Data    RW Data    ZI Data      Debug   

     11180        510       1176          4       1668      28382   Grand Totals
     11180        510       1176          4       1668      28382   ELF Image Totals
     11180        510       1176          4          0          0   ROM Totals

==============================================================================

    Total RO  Size (Code + RO Data)                12356 (  12.07kB)
    Total RW  Size (RW Data + ZI Data)              1672 (   1.63kB)
    Total ROM Size (Code + RO Data + RW Data)      12360 (  12.07kB)

==============================================================================

